Component: ARM Compiler 5.06 update 5 (build 528) Tool: armlink [4d35e2]

==============================================================================

Section Cross References

    main.o(i.main) refers to touchpanel.o(i.TP_Init) for TP_Init
    main.o(i.main) refers to systick.o(i.delay_init) for delay_init
    main.o(i.main) refers to lcd.o(i.LCD_Initializtion) for LCD_Initializtion
    main.o(i.main) refers to touchpanel.o(i.TouchPanel_Calibrate) for TouchPanel_Calibrate
    main.o(i.main) refers to touchpanel.o(i.Read_Ads7846) for Read_Ads7846
    main.o(i.main) refers to touchpanel.o(i.getDisplayPoint) for getDisplayPoint
    main.o(i.main) refers to touchpanel.o(i.TP_DrawPoint) for TP_DrawPoint
    main.o(i.main) refers to touchpanel.o(.bss) for matrix
    main.o(i.main) refers to touchpanel.o(.data) for display
    asciilib.o(i.GetASCIICode) refers to rt_memcpy_v6.o(.text) for __aeabi_memcpy
    asciilib.o(i.GetASCIICode) refers to asciilib.o(.constdata) for AsciiLib
    lcd.o(i.GUI_Text) refers to lcd.o(i.PutChar) for PutChar
    lcd.o(i.LCD_Clear) refers to lcd.o(i.LCD_WriteReg) for LCD_WriteReg
    lcd.o(i.LCD_Clear) refers to lcd.o(i.LCD_SetCursor) for LCD_SetCursor
    lcd.o(i.LCD_Clear) refers to lcd.o(i.LCD_WriteIndex) for LCD_WriteIndex
    lcd.o(i.LCD_Clear) refers to lcd.o(i.LCD_WriteData) for LCD_WriteData
    lcd.o(i.LCD_Clear) refers to lcd.o(.data) for LCD_Code
    lcd.o(i.LCD_Configuration) refers to stm32f10x_rcc.o(i.RCC_APB2PeriphClockCmd) for RCC_APB2PeriphClockCmd
    lcd.o(i.LCD_Configuration) refers to stm32f10x_gpio.o(i.GPIO_Init) for GPIO_Init
    lcd.o(i.LCD_DrawLine) refers to lcd.o(i.LCD_SetPoint) for LCD_SetPoint
    lcd.o(i.LCD_GetPoint) refers to lcd.o(i.LCD_SetCursor) for LCD_SetCursor
    lcd.o(i.LCD_GetPoint) refers to lcd.o(i.LCD_WriteIndex) for LCD_WriteIndex
    lcd.o(i.LCD_GetPoint) refers to lcd.o(i.LCD_ReadData) for LCD_ReadData
    lcd.o(i.LCD_GetPoint) refers to lcd.o(i.LCD_BGR2RGB) for LCD_BGR2RGB
    lcd.o(i.LCD_GetPoint) refers to lcd.o(.data) for LCD_Code
    lcd.o(i.LCD_Initializtion) refers to lcd.o(i.LCD_Configuration) for LCD_Configuration
    lcd.o(i.LCD_Initializtion) refers to stm32f10x_gpio.o(i.GPIO_ResetBits) for GPIO_ResetBits
    lcd.o(i.LCD_Initializtion) refers to lcd.o(i.delay_ms) for delay_ms
    lcd.o(i.LCD_Initializtion) refers to stm32f10x_gpio.o(i.GPIO_SetBits) for GPIO_SetBits
    lcd.o(i.LCD_Initializtion) refers to lcd.o(i.LCD_ReadReg) for LCD_ReadReg
    lcd.o(i.LCD_Initializtion) refers to lcd.o(i.LCD_WriteReg) for LCD_WriteReg
    lcd.o(i.LCD_Initializtion) refers to lcd.o(.data) for LCD_Code
    lcd.o(i.LCD_SetCursor) refers to lcd.o(i.LCD_WriteReg) for LCD_WriteReg
    lcd.o(i.LCD_SetCursor) refers to lcd.o(.data) for LCD_Code
    lcd.o(i.LCD_SetPoint) refers to lcd.o(i.LCD_SetCursor) for LCD_SetCursor
    lcd.o(i.LCD_SetPoint) refers to lcd.o(i.LCD_WriteReg) for LCD_WriteReg
    lcd.o(i.PutChar) refers to asciilib.o(i.GetASCIICode) for GetASCIICode
    lcd.o(i.PutChar) refers to lcd.o(i.LCD_SetPoint) for LCD_SetPoint
    systick.o(i._delay_ms) refers to stm32f10x_systick.o(i.SysTick_SetReload) for SysTick_SetReload
    systick.o(i._delay_ms) refers to stm32f10x_systick.o(i.SysTick_CounterCmd) for SysTick_CounterCmd
    systick.o(i._delay_ms) refers to stm32f10x_systick.o(i.SysTick_GetFlagStatus) for SysTick_GetFlagStatus
    systick.o(i._delay_ms) refers to systick.o(.data) for delay_fac_ms
    systick.o(i.delay_init) refers to stm32f10x_rcc.o(i.RCC_GetClocksFreq) for RCC_GetClocksFreq
    systick.o(i.delay_init) refers to misc.o(i.SysTick_CLKSourceConfig) for SysTick_CLKSourceConfig
    systick.o(i.delay_init) refers to stm32f10x_systick.o(i.SysTick_ITConfig) for SysTick_ITConfig
    systick.o(i.delay_init) refers to systick.o(.data) for delay_fac_us
    systick.o(i.delay_us) refers to stm32f10x_systick.o(i.SysTick_SetReload) for SysTick_SetReload
    systick.o(i.delay_us) refers to stm32f10x_systick.o(i.SysTick_CounterCmd) for SysTick_CounterCmd
    systick.o(i.delay_us) refers to stm32f10x_systick.o(i.SysTick_GetFlagStatus) for SysTick_GetFlagStatus
    systick.o(i.delay_us) refers to systick.o(.data) for delay_fac_us
    touchpanel.o(i.ADS7843_SPI_Init) refers to stm32f10x_rcc.o(i.RCC_APB1PeriphClockCmd) for RCC_APB1PeriphClockCmd
    touchpanel.o(i.ADS7843_SPI_Init) refers to stm32f10x_spi.o(i.SPI_Cmd) for SPI_Cmd
    touchpanel.o(i.ADS7843_SPI_Init) refers to stm32f10x_spi.o(i.SPI_Init) for SPI_Init
    touchpanel.o(i.DrawCross) refers to lcd.o(i.LCD_DrawLine) for LCD_DrawLine
    touchpanel.o(i.RD_AD) refers to stm32f10x_spi.o(i.SPI_I2S_GetFlagStatus) for SPI_I2S_GetFlagStatus
    touchpanel.o(i.RD_AD) refers to stm32f10x_spi.o(i.SPI_I2S_SendData) for SPI_I2S_SendData
    touchpanel.o(i.RD_AD) refers to stm32f10x_spi.o(i.SPI_I2S_ReceiveData) for SPI_I2S_ReceiveData
    touchpanel.o(i.RD_AD) refers to touchpanel.o(i.DelayUS) for DelayUS
    touchpanel.o(i.Read_Ads7846) refers to rt_memclr_w.o(.text) for __aeabi_memclr4
[...]
    startup_stm32f10x_cl.o(RESET) refers to stm32f10x_it.o(i.HardFault_Handler) for HardFault_Handler
    startup_stm32f10x_cl.o(RESET) refers to stm32f10x_it.o(i.MemManage_Handler) for MemManage_Handler
    startup_stm32f10x_cl.o(RESET) refers to stm32f10x_it.o(i.BusFault_Handler) for BusFault_Handler
    startup_stm32f10x_cl.o(RESET) refers to stm32f10x_it.o(i.UsageFault_Handler) for UsageFault_Handler
    startup_stm32f10x_cl.o(RESET) refers to stm32f10x_it.o(i.SVC_Handler) for SVC_Handler
    startup_stm32f10x_cl.o(RESET) refers to stm32f10x_it.o(i.DebugMon_Handler) for DebugMon_Handler
    startup_stm32f10x_cl.o(RESET) refers to stm32f10x_it.o(i.PendSV_Handler) for PendSV_Handler
    startup_stm32f10x_cl.o(RESET) refers to stm32f10x_it.o(i.SysTick_Handler) for SysTick_Handler
    startup_stm32f10x_cl.o(.text) refers (Special) to heapauxi.o(.text) for __use_two_region_memory
    startup_stm32f10x_cl.o(.text) refers to system_stm32f10x.o(i.SystemInit) for SystemInit
    startup_stm32f10x_cl.o(.text) refers to __main.o(!!!main) for __main
    startup_stm32f10x_cl.o(.text) refers to startup_stm32f10x_cl.o(HEAP) for Heap_Mem
    startup_stm32f10x_cl.o(.text) refers to startup_stm32f10x_cl.o(STACK) for Stack_Mem
    rt_memcpy_v6.o(.text) refers to rt_memcpy_w.o(.text) for __aeabi_memcpy4
    __main.o(!!!main) refers to __rtentry.o(.ARM.Collect$$rtentry$$00000000) for __rt_entry
    daddsub_clz.o(x$fpl$dadd) refers (Special) to usenofp.o(x$fpl$usenofp) for __I$use$fp
    daddsub_clz.o(x$fpl$dadd) refers to daddsub_clz.o(x$fpl$dsub) for _dsub1
    daddsub_clz.o(x$fpl$dadd) refers to dretinf.o(x$fpl$dretinf) for __fpl_dretinf
    daddsub_clz.o(x$fpl$dadd) refers to dnaninf.o(x$fpl$dnaninf) for __fpl_dnaninf
    daddsub_clz.o(x$fpl$drsb) refers (Special) to usenofp.o(x$fpl$usenofp) for __I$use$fp
    daddsub_clz.o(x$fpl$drsb) refers to daddsub_clz.o(x$fpl$dadd) for _dadd1
    daddsub_clz.o(x$fpl$drsb) refers to daddsub_clz.o(x$fpl$dsub) for _dsub1
    daddsub_clz.o(x$fpl$dsub) refers (Special) to usenofp.o(x$fpl$usenofp) for __I$use$fp
    daddsub_clz.o(x$fpl$dsub) refers to daddsub_clz.o(x$fpl$dadd) for _dadd1
    daddsub_clz.o(x$fpl$dsub) refers to dnaninf.o(x$fpl$dnaninf) for __fpl_dnaninf
    ddiv.o(x$fpl$drdiv) refers (Special) to usenofp.o(x$fpl$usenofp) for __I$use$fp
    ddiv.o(x$fpl$drdiv) refers to ddiv.o(x$fpl$ddiv) for ddiv_entry
    ddiv.o(x$fpl$ddiv) refers (Special) to usenofp.o(x$fpl$usenofp) for __I$use$fp
    ddiv.o(x$fpl$ddiv) refers to dretinf.o(x$fpl$dretinf) for __fpl_dretinf
    ddiv.o(x$fpl$ddiv) refers to dnaninf.o(x$fpl$dnaninf) for __fpl_dnaninf
    deqf.o(x$fpl$deqf) refers (Special) to usenofp.o(x$fpl$usenofp) for __I$use$fp
    deqf.o(x$fpl$deqf) refers to dnaninf.o(x$fpl$dnaninf) for __fpl_dnaninf
    deqf.o(x$fpl$deqf) refers to dcmpi.o(x$fpl$dcmpinf) for __fpl_dcmp_Inf
    dfixu.o(x$fpl$dfixu) refers (Special) to usenofp.o(x$fpl$usenofp) for __I$use$fp
    dfixu.o(x$fpl$dfixu) refers to dnaninf.o(x$fpl$dnaninf) for __fpl_dnaninf
    dfixu.o(x$fpl$dfixur) refers (Special) to usenofp.o(x$fpl$usenofp) for __I$use$fp
    dfixu.o(x$fpl$dfixur) refers to dnaninf.o(x$fpl$dnaninf) for __fpl_dnaninf
    dflt_clz.o(x$fpl$dfltu) refers (Special) to usenofp.o(x$fpl$usenofp) for __I$use$fp
    dflt_clz.o(x$fpl$dflt) refers (Special) to usenofp.o(x$fpl$usenofp) for __I$use$fp
    dflt_clz.o(x$fpl$dfltn) refers (Special) to usenofp.o(x$fpl$usenofp) for __I$use$fp
    dmul.o(x$fpl$dmul) refers (Special) to usenofp.o(x$fpl$usenofp) for __I$use$fp
    dmul.o(x$fpl$dmul) refers to dretinf.o(x$fpl$dretinf) for __fpl_dretinf
    dmul.o(x$fpl$dmul) refers to dnaninf.o(x$fpl$dnaninf) for __fpl_dnaninf
    __rtentry.o(.ARM.Collect$$rtentry$$00000000) refers (Special) to __rtentry2.o(.ARM.Collect$$rtentry$$0000000A) for __rt_entry_li
    __rtentry.o(.ARM.Collect$$rtentry$$00000000) refers (Special) to __rtentry2.o(.ARM.Collect$$rtentry$$0000000D) for __rt_entry_main
    __rtentry.o(.ARM.Collect$$rtentry$$00000000) refers (Special) to __rtentry2.o(.ARM.Collect$$rtentry$$0000000C) for __rt_entry_postli_1
    __rtentry.o(.ARM.Collect$$rtentry$$00000000) refers (Special) to __rtentry2.o(.ARM.Collect$$rtentry$$00000009) for __rt_entry_postsh_1
    __rtentry.o(.ARM.Collect$$rtentry$$00000000) refers (Special) to __rtentry2.o(.ARM.Collect$$rtentry$$00000002) for __rt_entry_presh_1
    __rtentry.o(.ARM.Collect$$rtentry$$00000000) refers (Special) to __rtentry4.o(.ARM.Collect$$rtentry$$00000004) for __rt_entry_sh
    dcmpi.o(x$fpl$dcmpinf) refers (Special) to usenofp.o(x$fpl$usenofp) for __I$use$fp
    dnaninf.o(x$fpl$dnaninf) refers (Special) to usenofp.o(x$fpl$usenofp) for __I$use$fp
    dretinf.o(x$fpl$dretinf) refers (Special) to usenofp.o(x$fpl$usenofp) for __I$use$fp
    __rtentry2.o(.ARM.Collect$$rtentry$$00000008) refers to boardinit2.o(.text) for _platform_post_stackheap_init
    __rtentry2.o(.ARM.Collect$$rtentry$$0000000A) refers to libinit.o(.ARM.Collect$$libinit$$00000000) for __rt_lib_init
    __rtentry2.o(.ARM.Collect$$rtentry$$0000000B) refers to boardinit3.o(.text) for _platform_post_lib_init
    __rtentry2.o(.ARM.Collect$$rtentry$$0000000D) refers to main.o(i.main) for main
    __rtentry2.o(.ARM.Collect$$rtentry$$0000000D) refers to exit.o(.text) for exit
    __rtentry2.o(.ARM.exidx) refers to __rtentry2.o(.ARM.Collect$$rtentry$$00000001) for .ARM.Collect$$rtentry$$00000001
    __rtentry2.o(.ARM.exidx) refers to __rtentry2.o(.ARM.Collect$$rtentry$$00000008) for .ARM.Collect$$rtentry$$00000008
    __rtentry2.o(.ARM.exidx) refers to __rtentry2.o(.ARM.Collect$$rtentry$$0000000A) for .ARM.Collect$$rtentry$$0000000A
    __rtentry2.o(.ARM.exidx) refers to __rtentry2.o(.ARM.Collect$$rtentry$$0000000B) for .ARM.Collect$$rtentry$$0000000B
    __rtentry2.o(.ARM.exidx) refers to __rtentry2.o(.ARM.Collect$$rtentry$$0000000D) for .ARM.Collect$$rtentry$$0000000D
    __rtentry4.o(.ARM.Collect$$rtentry$$00000004) refers to sys_stackheap_outer.o(.text) for __user_setup_stackheap
    __rtentry4.o(.ARM.exidx) refers to __rtentry4.o(.ARM.Collect$$rtentry$$00000004) for .ARM.Collect$$rtentry$$00000004
    sys_stackheap_outer.o(.text) refers to libspace.o(.text) for __user_perproc_libspace
    sys_stackheap_outer.o(.text) refers to startup_stm32f10x_cl.o(.text) for __user_initial_stackheap
    exit.o(.text) refers to rtexit.o(.ARM.Collect$$rtexit$$00000000) for __rt_exit
    libinit.o(.ARM.Collect$$libinit$$00000000) refers (Special) to libinit2.o(.ARM.Collect$$libinit$$0000002E) for __rt_lib_init_alloca_1
    libinit.o(.ARM.Collect$$libinit$$00000000) refers (Special) to libinit2.o(.ARM.Collect$$libinit$$0000002C) for __rt_lib_init_argv_1
    libinit.o(.ARM.Collect$$libinit$$00000000) refers (Special) to libinit2.o(.ARM.Collect$$libinit$$0000001B) for __rt_lib_init_atexit_1
    libinit.o(.ARM.Collect$$libinit$$00000000) refers (Special) to libinit2.o(.ARM.Collect$$libinit$$00000021) for __rt_lib_init_clock_1
    libinit.o(.ARM.Collect$$libinit$$00000000) refers (Special) to libinit2.o(.ARM.Collect$$libinit$$00000032) for __rt_lib_init_cpp_1
    libinit.o(.ARM.Collect$$libinit$$00000000) refers (Special) to libinit2.o(.ARM.Collect$$libinit$$00000030) for __rt_lib_init_exceptions_1
    libinit.o(.ARM.Collect$$libinit$$00000000) refers (Special) to libinit2.o(.ARM.Collect$$libinit$$00000002) for __rt_lib_init_fp_1
    libinit.o(.ARM.Collect$$libinit$$00000000) refers (Special) to libinit2.o(.ARM.Collect$$libinit$$0000001F) for __rt_lib_init_fp_trap_1
    libinit.o(.ARM.Collect$$libinit$$00000000) refers (Special) to libinit2.o(.ARM.Collect$$libinit$$00000023) for __rt_lib_init_getenv_1
    libinit.o(.ARM.Collect$$libinit$$00000000) refers (Special) to libinit2.o(.ARM.Collect$$libinit$$0000000A) for __rt_lib_init_heap_1
    libinit.o(.ARM.Collect$$libinit$$00000000) refers (Special) to libinit2.o(.ARM.Collect$$libinit$$00000011) for __rt_lib_init_lc_collate_1
    libinit.o(.ARM.Collect$$libinit$$00000000) refers (Special) to libinit2.o(.ARM.Collect$$libinit$$00000013) for __rt_lib_init_lc_ctype_1
    libinit.o(.ARM.Collect$$libinit$$00000000) refers (Special) to libinit2.o(.ARM.Collect$$libinit$$00000015) for __rt_lib_init_lc_monetary_1
    libinit.o(.ARM.Collect$$libinit$$00000000) refers (Special) to libinit2.o(.ARM.Collect$$libinit$$00000017) for __rt_lib_init_lc_numeric_1
    libinit.o(.ARM.Collect$$libinit$$00000000) refers (Special) to libinit2.o(.ARM.Collect$$libinit$$00000019) for __rt_lib_init_lc_time_1
    libinit.o(.ARM.Collect$$libinit$$00000000) refers (Special) to libinit2.o(.ARM.Collect$$libinit$$00000004) for __rt_lib_init_preinit_1
    libinit.o(.ARM.Collect$$libinit$$00000000) refers (Special) to libinit2.o(.ARM.Collect$$libinit$$0000000E) for __rt_lib_init_rand_1
    libinit.o(.ARM.Collect$$libinit$$00000000) refers (Special) to libinit2.o(.ARM.Collect$$libinit$$00000033) for __rt_lib_init_return
    libinit.o(.ARM.Collect$$libinit$$00000000) refers (Special) to libinit2.o(.ARM.Collect$$libinit$$0000001D) for __rt_lib_init_signal_1
    libinit.o(.ARM.Collect$$libinit$$00000000) refers (Special) to libinit2.o(.ARM.Collect$$libinit$$00000025) for __rt_lib_init_stdio_1
    libinit.o(.ARM.Collect$$libinit$$00000000) refers (Special) to libinit2.o(.ARM.Collect$$libinit$$0000000C) for __rt_lib_init_user_alloc_1
    libspace.o(.text) refers to libspace.o(.bss) for __libspace_start
    rtexit.o(.ARM.Collect$$rtexit$$00000000) refers (Special) to rtexit2.o(.ARM.Collect$$rtexit$$00000004) for __rt_exit_exit
    rtexit.o(.ARM.Collect$$rtexit$$00000000) refers (Special) to rtexit2.o(.ARM.Collect$$rtexit$$00000003) for __rt_exit_ls
    rtexit.o(.ARM.Collect$$rtexit$$00000000) refers (Special) to rtexit2.o(.ARM.Collect$$rtexit$$00000002) for __rt_exit_prels_1
    rtexit.o(.ARM.exidx) refers (Special) to rtexit2.o(.ARM.Collect$$rtexit$$00000004) for __rt_exit_exit
    rtexit.o(.ARM.exidx) refers (Special) to rtexit2.o(.ARM.Collect$$rtexit$$00000003) for __rt_exit_ls
    rtexit.o(.ARM.exidx) refers (Special) to rtexit2.o(.ARM.Collect$$rtexit$$00000002) for __rt_exit_prels_1
    rtexit.o(.ARM.exidx) refers to rtexit.o(.ARM.Collect$$rtexit$$00000000) for .ARM.Collect$$rtexit$$00000000
    libinit2.o(.ARM.Collect$$libinit$$00000010) refers to libinit2.o(.ARM.Collect$$libinit$$0000000F) for .ARM.Collect$$libinit$$0000000F
    libinit2.o(.ARM.Collect$$libinit$$00000012) refers to libinit2.o(.ARM.Collect$$libinit$$0000000F) for .ARM.Collect$$libinit$$0000000F
    libinit2.o(.ARM.Collect$$libinit$$00000014) refers to libinit2.o(.ARM.Collect$$libinit$$0000000F) for .ARM.Collect$$libinit$$0000000F
    libinit2.o(.ARM.Collect$$libinit$$00000016) refers to libinit2.o(.ARM.Collect$$libinit$$0000000F) for .ARM.Collect$$libinit$$0000000F
    libinit2.o(.ARM.Collect$$libinit$$00000018) refers to libinit2.o(.ARM.Collect$$libinit$$0000000F) for .ARM.Collect$$libinit$$0000000F
    libinit2.o(.ARM.Collect$$libinit$$00000026) refers to argv_veneer.o(.emb_text) for __ARM_argv_veneer
    libinit2.o(.ARM.Collect$$libinit$$00000027) refers to argv_veneer.o(.emb_text) for __ARM_argv_veneer
    rtexit2.o(.ARM.Collect$$rtexit$$00000003) refers to libshutdown.o(.ARM.Collect$$libshutdown$$00000000) for __rt_lib_shutdown
    rtexit2.o(.ARM.Collect$$rtexit$$00000004) refers to sys_exit.o(.text) for _sys_exit
    rtexit2.o(.ARM.exidx) refers to rtexit2.o(.ARM.Collect$$rtexit$$00000001) for .ARM.Collect$$rtexit$$00000001
    rtexit2.o(.ARM.exidx) refers to rtexit2.o(.ARM.Collect$$rtexit$$00000003) for .ARM.Collect$$rtexit$$00000003
    rtexit2.o(.ARM.exidx) refers to rtexit2.o(.ARM.Collect$$rtexit$$00000004) for .ARM.Collect$$rtexit$$00000004
    argv_veneer.o(.emb_text) refers to no_argv.o(.text) for __ARM_get_argv
    sys_exit.o(.text) refers (Special) to use_no_semi.o(.text) for __I$use$semihosting
    sys_exit.o(.text) refers (Special) to indicate_semi.o(.text) for __semihosting_library_function
    _get_argv_nomalloc.o(.text) refers (Special) to hrguard.o(.text) for __heap_region$guard
    _get_argv_nomalloc.o(.text) refers to defsig_rtmem_outer.o(.text) for __rt_SIGRTMEM
    _get_argv_nomalloc.o(.text) refers to sys_command.o(.text) for _sys_command_string
    libshutdown.o(.ARM.Collect$$libshutdown$$00000000) refers (Special) to libshutdown2.o(.ARM.Collect$$libshutdown$$00000002) for __rt_lib_shutdown_cpp_1
    libshutdown.o(.ARM.Collect$$libshutdown$$00000000) refers (Special) to libshutdown2.o(.ARM.Collect$$libshutdown$$00000007) for __rt_lib_shutdown_fp_trap_1
    libshutdown.o(.ARM.Collect$$libshutdown$$00000000) refers (Special) to libshutdown2.o(.ARM.Collect$$libshutdown$$0000000F) for __rt_lib_shutdown_heap_1
    libshutdown.o(.ARM.Collect$$libshutdown$$00000000) refers (Special) to libshutdown2.o(.ARM.Collect$$libshutdown$$00000010) for __rt_lib_shutdown_return
    libshutdown.o(.ARM.Collect$$libshutdown$$00000000) refers (Special) to libshutdown2.o(.ARM.Collect$$libshutdown$$0000000A) for __rt_lib_shutdown_signal_1
    libshutdown.o(.ARM.Collect$$libshutdown$$00000000) refers (Special) to libshutdown2.o(.ARM.Collect$$libshutdown$$00000004) for __rt_lib_shutdown_stdio_1
    libshutdown.o(.ARM.Collect$$libshutdown$$00000000) refers (Special) to libshutdown2.o(.ARM.Collect$$libshutdown$$0000000C) for __rt_lib_shutdown_user_alloc_1
    sys_command.o(.text) refers (Special) to use_no_semi.o(.text) for __I$use$semihosting
    sys_command.o(.text) refers (Special) to indicate_semi.o(.text) for __semihosting_library_function
    defsig_rtmem_outer.o(.text) refers to defsig_rtmem_inner.o(.text) for __rt_SIGRTMEM_inner
    defsig_rtmem_outer.o(.text) refers to defsig_exit.o(.text) for __sig_exit
    defsig_rtmem_formal.o(.text) refers to rt_raise.o(.text) for __rt_raise
    rt_raise.o(.text) refers to __raise.o(.text) for __raise
    rt_raise.o(.text) refers to sys_exit.o(.text) for _sys_exit
    defsig_exit.o(.text) refers to sys_exit.o(.text) for _sys_exit
    defsig_rtmem_inner.o(.text) refers to defsig_general.o(.text) for __default_signal_display
    __raise.o(.text) refers to defsig.o(CL$$defsig) for __default_signal_handler
    defsig_general.o(.text) refers to sys_wrch.o(.text) for _ttywrch
    sys_wrch.o(.text) refers (Special) to use_no_semi.o(.text) for __I$use$semihosting
    sys_wrch.o(.text) refers (Special) to indicate_semi.o(.text) for __semihosting_library_function
    defsig.o(CL$$defsig) refers to defsig_rtmem_inner.o(.text) for __rt_SIGRTMEM_inner
    defsig_abrt_inner.o(.text) refers to defsig_general.o(.text) for __default_signal_display
    defsig_fpe_inner.o(.text) refers to defsig_general.o(.text) for __default_signal_display
    defsig_rtred_inner.o(.text) refers to defsig_general.o(.text) for __default_signal_display
    defsig_stak_inner.o(.text) refers to defsig_general.o(.text) for __default_signal_display
    defsig_pvfn_inner.o(.text) refers to defsig_general.o(.text) for __default_signal_display
    defsig_cppl_inner.o(.text) refers to defsig_general.o(.text) for __default_signal_display
    defsig_segv_inner.o(.text) refers to defsig_general.o(.text) for __default_signal_display
    defsig_other.o(.text) refers to defsig_general.o(.text) for __default_signal_display
    lcd.o(i.LCD_WriteIndex) refers to lcd.o(i.LCD_Delay) for LCD_Delay
    lcd.o(i.LCD_WriteData) refers to lcd.o(i.LCD_Delay) for LCD_Delay
    lcd.o(i.LCD_WriteReg) refers to lcd.o(i.LCD_WriteIndex) for LCD_WriteIndex
    lcd.o(i.LCD_WriteReg) refers to lcd.o(i.LCD_WriteData) for LCD_WriteData
    lcd.o(i.LCD_ReadReg) refers to lcd.o(i.LCD_WriteIndex) for LCD_WriteIndex
    lcd.o(i.LCD_ReadReg) refers to lcd.o(i.LCD_ReadData) for LCD_ReadData


==============================================================================

Removing Unused input sections from the image.

    Removing main.o(i.Delay), (10 bytes).
    Removing lcd.o(i.LCD_BGR2RGB), (26 bytes).
    Removing lcd.o(i.LCD_GetPoint), (180 bytes).
    Removing stm32f10x_systick.o(i.SysTick_CounterCmd), (54 bytes).
    Removing stm32f10x_systick.o(i.SysTick_GetCounter), (8 bytes).
    Removing stm32f10x_systick.o(i.SysTick_GetFlagStatus), (46 bytes).
    Removing stm32f10x_systick.o(i.SysTick_SetReload), (8 bytes).
    Removing systick.o(i._delay_ms), (84 bytes).
    Removing systick.o(i.delay_us), (72 bytes).
    Removing stm32f10x_gpio.o(i.GPIO_AFIODeInit), (20 bytes).
    Removing stm32f10x_gpio.o(i.GPIO_DeInit), (200 bytes).
    Removing stm32f10x_gpio.o(i.GPIO_ETH_MediaInterfaceConfig), (12 bytes).
    Removing stm32f10x_gpio.o(i.GPIO_EXTILineConfig), (64 bytes).
    Removing stm32f10x_gpio.o(i.GPIO_EventOutputCmd), (12 bytes).
    Removing stm32f10x_gpio.o(i.GPIO_EventOutputConfig), (32 bytes).
    Removing stm32f10x_gpio.o(i.GPIO_PinLockConfig), (18 bytes).
    Removing stm32f10x_gpio.o(i.GPIO_ReadInputData), (8 bytes).
    Removing stm32f10x_gpio.o(i.GPIO_ReadOutputData), (8 bytes).
    Removing stm32f10x_gpio.o(i.GPIO_ReadOutputDataBit), (18 bytes).
    Removing stm32f10x_gpio.o(i.GPIO_StructInit), (16 bytes).
    Removing stm32f10x_gpio.o(i.GPIO_Write), (4 bytes).
    Removing stm32f10x_gpio.o(i.GPIO_WriteBit), (10 bytes).
    Removing stm32f10x_rcc.o(i.RCC_ADCCLKConfig), (24 bytes).
    Removing stm32f10x_rcc.o(i.RCC_AHBPeriphClockCmd), (32 bytes).
    Removing stm32f10x_rcc.o(i.RCC_AHBPeriphResetCmd), (32 bytes).
    Removing stm32f10x_rcc.o(i.RCC_APB1PeriphResetCmd), (32 bytes).
    Removing stm32f10x_rcc.o(i.RCC_APB2PeriphResetCmd), (32 bytes).
    Removing stm32f10x_rcc.o(i.RCC_AdjustHSICalibrationValue), (24 bytes).
    Removing stm32f10x_rcc.o(i.RCC_BackupResetCmd), (12 bytes).
    Removing stm32f10x_rcc.o(i.RCC_ClearFlag), (20 bytes).
    Removing stm32f10x_rcc.o(i.RCC_ClearITPendingBit), (12 bytes).
    Removing stm32f10x_rcc.o(i.RCC_ClockSecuritySystemCmd), (12 bytes).
    Removing stm32f10x_rcc.o(i.RCC_DeInit), (92 bytes).
    Removing stm32f10x_rcc.o(i.RCC_GetFlagStatus), (60 bytes).
    Removing stm32f10x_rcc.o(i.RCC_GetITStatus), (24 bytes).
    Removing stm32f10x_rcc.o(i.RCC_GetSYSCLKSource), (16 bytes).
    Removing stm32f10x_rcc.o(i.RCC_HCLKConfig), (24 bytes).
    Removing stm32f10x_rcc.o(i.RCC_HSEConfig), (76 bytes).
    Removing stm32f10x_rcc.o(i.RCC_HSICmd), (12 bytes).
    Removing stm32f10x_rcc.o(i.RCC_I2S2CLKConfig), (12 bytes).
    Removing stm32f10x_rcc.o(i.RCC_I2S3CLKConfig), (12 bytes).
    Removing stm32f10x_rcc.o(i.RCC_ITConfig), (32 bytes).
    Removing stm32f10x_rcc.o(i.RCC_LSEConfig), (52 bytes).
    Removing stm32f10x_rcc.o(i.RCC_LSICmd), (12 bytes).
    Removing stm32f10x_rcc.o(i.RCC_MCOConfig), (12 bytes).
    Removing stm32f10x_rcc.o(i.RCC_OTGFSCLKConfig), (12 bytes).
    Removing stm32f10x_rcc.o(i.RCC_PCLK1Config), (24 bytes).
    Removing stm32f10x_rcc.o(i.RCC_PCLK2Config), (24 bytes).
    Removing stm32f10x_rcc.o(i.RCC_PLL2Cmd), (12 bytes).
    Removing stm32f10x_rcc.o(i.RCC_PLL2Config), (24 bytes).
    Removing stm32f10x_rcc.o(i.RCC_PLL3Cmd), (12 bytes).
    Removing stm32f10x_rcc.o(i.RCC_PLL3Config), (24 bytes).
    Removing stm32f10x_rcc.o(i.RCC_PLLCmd), (12 bytes).
    Removing stm32f10x_rcc.o(i.RCC_PLLConfig), (28 bytes).
    Removing stm32f10x_rcc.o(i.RCC_PREDIV1Config), (32 bytes).
    Removing stm32f10x_rcc.o(i.RCC_PREDIV2Config), (24 bytes).
    Removing stm32f10x_rcc.o(i.RCC_RTCCLKCmd), (12 bytes).
    Removing stm32f10x_rcc.o(i.RCC_RTCCLKConfig), (16 bytes).
    Removing stm32f10x_rcc.o(i.RCC_SYSCLKConfig), (24 bytes).
    Removing stm32f10x_rcc.o(i.RCC_WaitForHSEStartUp), (56 bytes).
    Removing stm32f10x_fsmc.o(i.FSMC_ClearFlag), (64 bytes).
    Removing stm32f10x_fsmc.o(i.FSMC_ClearITPendingBit), (72 bytes).
    Removing stm32f10x_fsmc.o(i.FSMC_GetECC), (28 bytes).
    Removing stm32f10x_fsmc.o(i.FSMC_GetFlagStatus), (56 bytes).
    Removing stm32f10x_fsmc.o(i.FSMC_GetITStatus), (68 bytes).
    Removing stm32f10x_fsmc.o(i.FSMC_ITConfig), (128 bytes).
    Removing stm32f10x_fsmc.o(i.FSMC_NANDCmd), (92 bytes).
    Removing stm32f10x_fsmc.o(i.FSMC_NANDDeInit), (68 bytes).
    Removing stm32f10x_fsmc.o(i.FSMC_NANDECCCmd), (92 bytes).
    Removing stm32f10x_fsmc.o(i.FSMC_NANDInit), (136 bytes).
    Removing stm32f10x_fsmc.o(i.FSMC_NANDStructInit), (54 bytes).
    Removing stm32f10x_fsmc.o(i.FSMC_NORSRAMCmd), (52 bytes).
    Removing stm32f10x_fsmc.o(i.FSMC_NORSRAMDeInit), (54 bytes).
    Removing stm32f10x_fsmc.o(i.FSMC_NORSRAMInit), (230 bytes).
    Removing stm32f10x_fsmc.o(i.FSMC_NORSRAMStructInit), (114 bytes).
    Removing stm32f10x_fsmc.o(i.FSMC_PCCARDCmd), (48 bytes).
    Removing stm32f10x_fsmc.o(i.FSMC_PCCARDDeInit), (40 bytes).
    Removing stm32f10x_fsmc.o(i.FSMC_PCCARDInit), (132 bytes).
    Removing stm32f10x_fsmc.o(i.FSMC_PCCARDStructInit), (60 bytes).
    Removing misc.o(i.NVIC_Init), (112 bytes).
    Removing misc.o(i.NVIC_PriorityGroupConfig), (20 bytes).
    Removing misc.o(i.NVIC_SetVectorTable), (20 bytes).
    Removing misc.o(i.NVIC_SystemLPConfig), (32 bytes).
    Removing stm32f10x_spi.o(i.I2S_Cmd), (24 bytes).
    Removing stm32f10x_spi.o(i.I2S_Init), (304 bytes).
    Removing stm32f10x_spi.o(i.I2S_StructInit), (20 bytes).
    Removing stm32f10x_spi.o(i.SPI_BiDirectionalLineConfig), (28 bytes).
    Removing stm32f10x_spi.o(i.SPI_CalculateCRC), (24 bytes).
    Removing stm32f10x_spi.o(i.SPI_DataSizeConfig), (18 bytes).
    Removing stm32f10x_spi.o(i.SPI_GetCRC), (16 bytes).
    Removing stm32f10x_spi.o(i.SPI_GetCRCPolynomial), (6 bytes).
    Removing stm32f10x_spi.o(i.SPI_I2S_ClearFlag), (6 bytes).
    Removing stm32f10x_spi.o(i.SPI_I2S_ClearITPendingBit), (20 bytes).
    Removing stm32f10x_spi.o(i.SPI_I2S_DMACmd), (18 bytes).
    Removing stm32f10x_spi.o(i.SPI_I2S_DeInit), (88 bytes).
    Removing stm32f10x_spi.o(i.SPI_I2S_GetITStatus), (52 bytes).
    Removing stm32f10x_spi.o(i.SPI_I2S_ITConfig), (32 bytes).
    Removing stm32f10x_spi.o(i.SPI_NSSInternalSoftwareConfig), (30 bytes).
    Removing stm32f10x_spi.o(i.SPI_SSOutputCmd), (24 bytes).
    Removing stm32f10x_spi.o(i.SPI_StructInit), (24 bytes).
    Removing stm32f10x_spi.o(i.SPI_TransmitCRC), (10 bytes).
    Removing core_cm3.o(.emb_text), (32 bytes).
    Removing system_stm32f10x.o(i.SystemCoreClockUpdate), (256 bytes).
    Removing system_stm32f10x.o(.data), (20 bytes).

104 unused section(s) (total 4738 bytes) removed from the image.

==============================================================================

Image Symbol Table

    Local Symbols

    Symbol Name                              Value     Ov Type        Size  Object(Section)

    ../clib/angel/boardlib.s                 0x00000000   Number         0  boardinit3.o ABSOLUTE
    ../clib/angel/boardlib.s                 0x00000000   Number         0  boardinit2.o ABSOLUTE
    ../clib/angel/boardlib.s                 0x00000000   Number         0  boardinit1.o ABSOLUTE
    ../clib/angel/boardlib.s                 0x00000000   Number         0  boardshut.o ABSOLUTE
    ../clib/angel/handlers.s                 0x00000000   Number         0  __scatter_copy.o ABSOLUTE
    ../clib/angel/handlers.s                 0x00000000   Number         0  __scatter_zi.o ABSOLUTE
    ../clib/angel/kernel.s                   0x00000000   Number         0  __rtentry4.o ABSOLUTE
    ../clib/angel/kernel.s                   0x00000000   Number         0  __rtentry2.o ABSOLUTE
    ../clib/angel/kernel.s                   0x00000000   Number         0  rtexit.o ABSOLUTE
    ../clib/angel/kernel.s                   0x00000000   Number         0  rtexit2.o ABSOLUTE
    ../clib/angel/kernel.s                   0x00000000   Number         0  __rtentry.o ABSOLUTE
    ../clib/angel/rt.s                       0x00000000   Number         0  rt_raise.o ABSOLUTE
    ../clib/angel/scatter.s                  0x00000000   Number         0  __scatter.o ABSOLUTE
    ../clib/angel/startup.s                  0x00000000   Number         0  __main.o ABSOLUTE
    ../clib/angel/sys.s                      0x00000000   Number         0  libspace.o ABSOLUTE
    ../clib/angel/sys.s                      0x00000000   Number         0  sys_stackheap_outer.o ABSOLUTE
    ../clib/angel/sys.s                      0x00000000   Number         0  use_no_semi.o ABSOLUTE
    ../clib/angel/sys.s                      0x00000000   Number         0  indicate_semi.o ABSOLUTE
    ../clib/angel/sysapp.c                   0x00000000   Number         0  sys_wrch.o ABSOLUTE
    ../clib/angel/sysapp.c                   0x00000000   Number         0  sys_exit.o ABSOLUTE
    ../clib/angel/sysapp.c                   0x00000000   Number         0  sys_command.o ABSOLUTE
    ../clib/armsys.c                         0x00000000   Number         0  argv_veneer.o ABSOLUTE
    ../clib/armsys.c                         0x00000000   Number         0  _get_argv_nomalloc.o ABSOLUTE
    ../clib/armsys.c                         0x00000000   Number         0  no_argv.o ABSOLUTE
    ../clib/armsys.c                         0x00000000   Number         0  argv_veneer.o ABSOLUTE
    ../clib/heapalloc.c                      0x00000000   Number         0  hrguard.o ABSOLUTE
    ../clib/heapaux.c                        0x00000000   Number         0  heapauxi.o ABSOLUTE
    ../clib/libinit.s                        0x00000000   Number         0  libinit2.o ABSOLUTE
    ../clib/libinit.s                        0x00000000   Number         0  libshutdown.o ABSOLUTE
    ../clib/libinit.s                        0x00000000   Number         0  libinit.o ABSOLUTE
    ../clib/libinit.s                        0x00000000   Number         0  libshutdown2.o ABSOLUTE
    ../clib/memcpset.s                       0x00000000   Number         0  rt_memcpy_v6.o ABSOLUTE
    ../clib/memcpset.s                       0x00000000   Number         0  rt_memclr_w.o ABSOLUTE
    ../clib/memcpset.s                       0x00000000   Number         0  rt_memcpy_w.o ABSOLUTE
    ../clib/signal.c                         0x00000000   Number         0  defsig_abrt_inner.o ABSOLUTE
    ../clib/signal.c                         0x00000000   Number         0  defsig_general.o ABSOLUTE
    ../clib/signal.c                         0x00000000   Number         0  defsig_rtmem_formal.o ABSOLUTE
    ../clib/signal.c                         0x00000000   Number         0  __raise.o ABSOLUTE
    ../clib/signal.c                         0x00000000   Number         0  defsig_exit.o ABSOLUTE
    ../clib/signal.c                         0x00000000   Number         0  defsig_rtmem_outer.o ABSOLUTE
    ../clib/signal.c                         0x00000000   Number         0  defsig_rtmem_inner.o ABSOLUTE
    ../clib/signal.c                         0x00000000   Number         0  defsig_cppl_inner.o ABSOLUTE
    ../clib/signal.c                         0x00000000   Number         0  defsig_other.o ABSOLUTE
    ../clib/signal.c                         0x00000000   Number         0  defsig_segv_inner.o ABSOLUTE
    ../clib/signal.c                         0x00000000   Number         0  defsig_pvfn_inner.o ABSOLUTE
    ../clib/signal.c                         0x00000000   Number         0  defsig_stak_inner.o ABSOLUTE
    ../clib/signal.c                         0x00000000   Number         0  defsig_rtred_inner.o ABSOLUTE
    ../clib/signal.c                         0x00000000   Number         0  defsig_fpe_inner.o ABSOLUTE
    ../clib/signal.s                         0x00000000   Number         0  defsig.o ABSOLUTE
    ../clib/stdlib.c                         0x00000000   Number         0  exit.o ABSOLUTE
    ../fplib/daddsub.s                       0x00000000   Number         0  daddsub_clz.o ABSOLUTE
    ../fplib/dcmpi.s                         0x00000000   Number         0  dcmpi.o ABSOLUTE
    ../fplib/ddiv.s                          0x00000000   Number         0  ddiv.o ABSOLUTE
    ../fplib/deqf.s                          0x00000000   Number         0  deqf.o ABSOLUTE
    ../fplib/dfixu.s                         0x00000000   Number         0  dfixu.o ABSOLUTE
    ../fplib/dflt.s                          0x00000000   Number         0  dflt_clz.o ABSOLUTE
    ../fplib/dmul.s                          0x00000000   Number         0  dmul.o ABSOLUTE
    ../fplib/dnaninf.s                       0x00000000   Number         0  dnaninf.o ABSOLUTE
    ../fplib/dretinf.s                       0x00000000   Number         0  dretinf.o ABSOLUTE
    ../fplib/fpinit.s                        0x00000000   Number         0  fpinit.o ABSOLUTE
    ../fplib/usenofp.s                       0x00000000   Number         0  usenofp.o ABSOLUTE
    ..\Lib\cmsis\core_cm3.c                  0x00000000   Number         0  core_cm3.o ABSOLUTE
    ..\Lib\src\misc.c                        0x00000000   Number         0  misc.o ABSOLUTE
    ..\Lib\src\stm32f10x_fsmc.c              0x00000000   Number         0  stm32f10x_fsmc.o ABSOLUTE
    ..\Lib\src\stm32f10x_gpio.c              0x00000000   Number         0  stm32f10x_gpio.o ABSOLUTE
    ..\Lib\src\stm32f10x_rcc.c               0x00000000   Number         0  stm32f10x_rcc.o ABSOLUTE
    ..\Lib\src\stm32f10x_spi.c               0x00000000   Number         0  stm32f10x_spi.o ABSOLUTE
    ..\Lib\startup\arm\startup_stm32f10x_cl.s 0x00000000   Number         0  startup_stm32f10x_cl.o ABSOLUTE
    ..\User\LCD\AsciiLib.c                   0x00000000   Number         0  asciilib.o ABSOLUTE
    ..\User\LCD\LCD.c                        0x00000000   Number         0  lcd.o ABSOLUTE
    ..\User\SysTick\stm32f10x_systick.c      0x00000000   Number         0  stm32f10x_systick.o ABSOLUTE
    ..\User\SysTick\systick.c                0x00000000   Number         0  systick.o ABSOLUTE
    ..\User\TouchPanel\TouchPanel.c          0x00000000   Number         0  touchpanel.o ABSOLUTE
    ..\User\main.c                           0x00000000   Number         0  main.o ABSOLUTE
    ..\User\stm32f10x_it.c                   0x00000000   Number         0  stm32f10x_it.o ABSOLUTE
    ..\User\system_stm32f10x.c               0x00000000   Number         0  system_stm32f10x.o ABSOLUTE
    ..\\Lib\\cmsis\\core_cm3.c               0x00000000   Number         0  core_cm3.o ABSOLUTE
    dc.s                                     0x00000000   Number         0  dc.o ABSOLUTE
    RESET                                    0x08000000   Section      336  startup_stm32f10x_cl.o(RESET)
    !!!main                                  0x08000150   Section        8  __main.o(!!!main)
    !!!scatter                               0x08000158   Section       52  __scatter.o(!!!scatter)
    !!handler_copy                           0x0800018c   Section       26  __scatter_copy.o(!!handler_copy)
    !!handler_zi                             0x080001a8   Section       28  __scatter_zi.o(!!handler_zi)
    .ARM.Collect$$libinit$$00000000          0x080001c4   Section        2  libinit.o(.ARM.Collect$$libinit$$00000000)
    .ARM.Collect$$libinit$$00000002          0x080001c6   Section        0  libinit2.o(.ARM.Collect$$libinit$$00000002)
    .ARM.Collect$$libinit$$00000004          0x080001c6   Section        0  libinit2.o(.ARM.Collect$$libinit$$00000004)
    .ARM.Collect$$libinit$$0000000A          0x080001c6   Section        0  libinit2.o(.ARM.Collect$$libinit$$0000000A)
    .ARM.Collect$$libinit$$0000000C          0x080001c6   Section        0  libinit2.o(.ARM.Collect$$libinit$$0000000C)
    .ARM.Collect$$libinit$$0000000E          0x080001c6   Section        0  libinit2.o(.ARM.Collect$$libinit$$0000000E)
    .ARM.Collect$$libinit$$00000011          0x080001c6   Section        0  libinit2.o(.ARM.Collect$$libinit$$00000011)
    .ARM.Collect$$libinit$$00000013          0x080001c6   Section        0  libinit2.o(.ARM.Collect$$libinit$$00000013)
    .ARM.Collect$$libinit$$00000015          0x080001c6   Section        0  libinit2.o(.ARM.Collect$$libinit$$00000015)
    .ARM.Collect$$libinit$$00000017          0x080001c6   Section        0  libinit2.o(.ARM.Collect$$libinit$$00000017)
    .ARM.Collect$$libinit$$00000019          0x080001c6   Section        0  libinit2.o(.ARM.Collect$$libinit$$00000019)
    .ARM.Collect$$libinit$$0000001B          0x080001c6   Section        0  libinit2.o(.ARM.Collect$$libinit$$0000001B)
    .ARM.Collect$$libinit$$0000001D          0x080001c6   Section        0  libinit2.o(.ARM.Collect$$libinit$$0000001D)
    .ARM.Collect$$libinit$$0000001F          0x080001c6   Section        0  libinit2.o(.ARM.Collect$$libinit$$0000001F)
    .ARM.Collect$$libinit$$00000021          0x080001c6   Section        0  libinit2.o(.ARM.Collect$$libinit$$00000021)
    .ARM.Collect$$libinit$$00000023          0x080001c6   Section        0  libinit2.o(.ARM.Collect$$libinit$$00000023)
    .ARM.Collect$$libinit$$00000025          0x080001c6   Section        0  libinit2.o(.ARM.Collect$$libinit$$00000025)
    .ARM.Collect$$libinit$$0000002C          0x080001c6   Section        0  libinit2.o(.ARM.Collect$$libinit$$0000002C)
    .ARM.Collect$$libinit$$0000002E          0x080001c6   Section        0  libinit2.o(.ARM.Collect$$libinit$$0000002E)
    .ARM.Collect$$libinit$$00000030          0x080001c6   Section        0  libinit2.o(.ARM.Collect$$libinit$$00000030)
    .ARM.Collect$$libinit$$00000032          0x080001c6   Section        0  libinit2.o(.ARM.Collect$$libinit$$00000032)
    .ARM.Collect$$libinit$$00000033          0x080001c6   Section        2  libinit2.o(.ARM.Collect$$libinit$$00000033)
    .ARM.Collect$$libshutdown$$00000000      0x080001c8   Section        2  libshutdown.o(.ARM.Collect$$libshutdown$$00000000)
    .ARM.Collect$$libshutdown$$00000002      0x080001ca   Section        0  libshutdown2.o(.ARM.Collect$$libshutdown$$00000002)
    .ARM.Collect$$libshutdown$$00000004      0x080001ca   Section        0  libshutdown2.o(.ARM.Collect$$libshutdown$$00000004)
    .ARM.Collect$$libshutdown$$00000007      0x080001ca   Section        0  libshutdown2.o(.ARM.Collect$$libshutdown$$00000007)
    .ARM.Collect$$libshutdown$$0000000A      0x080001ca   Section        0  libshutdown2.o(.ARM.Collect$$libshutdown$$0000000A)
    .ARM.Collect$$libshutdown$$0000000C      0x080001ca   Section        0  libshutdown2.o(.ARM.Collect$$libshutdown$$0000000C)
    .ARM.Collect$$libshutdown$$0000000F      0x080001ca   Section        0  libshutdown2.o(.ARM.Collect$$libshutdown$$0000000F)
    .ARM.Collect$$libshutdown$$00000010      0x080001ca   Section        2  libshutdown2.o(.ARM.Collect$$libshutdown$$00000010)
    .ARM.Collect$$rtentry$$00000000          0x080001cc   Section        0  __rtentry.o(.ARM.Collect$$rtentry$$00000000)
    .ARM.Collect$$rtentry$$00000002          0x080001cc   Section        0  __rtentry2.o(.ARM.Collect$$rtentry$$00000002)
    .ARM.Collect$$rtentry$$00000004          0x080001cc   Section        6  __rtentry4.o(.ARM.Collect$$rtentry$$00000004)
    .ARM.Collect$$rtentry$$00000009          0x080001d2   Section        0  __rtentry2.o(.ARM.Collect$$rtentry$$00000009)
    .ARM.Collect$$rtentry$$0000000A          0x080001d2   Section        4  __rtentry2.o(.ARM.Collect$$rtentry$$0000000A)
    .ARM.Collect$$rtentry$$0000000C          0x080001d6   Section        0  __rtentry2.o(.ARM.Collect$$rtentry$$0000000C)
    .ARM.Collect$$rtentry$$0000000D          0x080001d6   Section        8  __rtentry2.o(.ARM.Collect$$rtentry$$0000000D)
    .ARM.Collect$$rtexit$$00000000           0x080001de   Section        2  rtexit.o(.ARM.Collect$$rtexit$$00000000)
    .ARM.Collect$$rtexit$$00000002           0x080001e0   Section        0  rtexit2.o(.ARM.Collect$$rtexit$$00000002)
    .ARM.Collect$$rtexit$$00000003           0x080001e0   Section        4  rtexit2.o(.ARM.Collect$$rtexit$$00000003)
    .ARM.Collect$$rtexit$$00000004           0x080001e4   Section        6  rtexit2.o(.ARM.Collect$$rtexit$$00000004)
    .text                                    0x080001ec   Section       64  startup_stm32f10x_cl.o(.text)
    .text                                    0x0800022c   Section      138  rt_memcpy_v6.o(.text)
    .text                                    0x080002b6   Section       78  rt_memclr_w.o(.text)
    .text                                    0x08000304   Section        0  heapauxi.o(.text)
    .text                                    0x0800030a   Section      100  rt_memcpy_w.o(.text)
    .text                                    0x0800036e   Section       74  sys_stackheap_outer.o(.text)
    .text                                    0x080003b8   Section        0  exit.o(.text)
    .text                                    0x080003cc   Section        8  libspace.o(.text)
    .text                                    0x080003d4   Section        0  sys_exit.o(.text)
    .text                                    0x080003e0   Section        2  use_no_semi.o(.text)
    .text                                    0x080003e2   Section        0  indicate_semi.o(.text)
    i.ADS7843_SPI_Init                       0x080003e4   Section        0  touchpanel.o(i.ADS7843_SPI_Init)
    ADS7843_SPI_Init                         0x080003e5   Thumb Code    94  touchpanel.o(i.ADS7843_SPI_Init)
    i.BusFault_Handler                       0x08000448   Section        0  stm32f10x_it.o(i.BusFault_Handler)
    i.DebugMon_Handler                       0x0800044c   Section        0  stm32f10x_it.o(i.DebugMon_Handler)
    i.DelayUS                                0x0800044e   Section        0  touchpanel.o(i.DelayUS)
    DelayUS                                  0x0800044f   Thumb Code    32  touchpanel.o(i.DelayUS)
    i.DrawCross                              0x0800046e   Section        0  touchpanel.o(i.DrawCross)
    i.GPIO_Init                              0x080005d2   Section        0  stm32f10x_gpio.o(i.GPIO_Init)
    i.GPIO_PinRemapConfig                    0x080006e8   Section        0  stm32f10x_gpio.o(i.GPIO_PinRemapConfig)
    i.GPIO_ReadInputDataBit                  0x08000778   Section        0  stm32f10x_gpio.o(i.GPIO_ReadInputDataBit)
    i.GPIO_ResetBits                         0x0800078a   Section        0  stm32f10x_gpio.o(i.GPIO_ResetBits)
    i.GPIO_SetBits                           0x0800078e   Section        0  stm32f10x_gpio.o(i.GPIO_SetBits)
    i.GUI_Text                               0x08000792   Section        0  lcd.o(i.GUI_Text)
    i.GetASCIICode                           0x080007e4   Section        0  asciilib.o(i.GetASCIICode)
    i.HardFault_Handler                      0x08000804   Section        0  stm32f10x_it.o(i.HardFault_Handler)
    i.LCD_Clear                              0x08000808   Section        0  lcd.o(i.LCD_Clear)
    i.LCD_Configuration                      0x0800089c   Section        0  lcd.o(i.LCD_Configuration)
    LCD_Configuration                        0x0800089d   Thumb Code    94  lcd.o(i.LCD_Configuration)
    i.LCD_Delay                              0x08000908   Section        0  lcd.o(i.LCD_Delay)
    i.LCD_DrawLine                           0x08000916   Section        0  lcd.o(i.LCD_DrawLine)
    i.LCD_Initializtion                      0x08000a10   Section        0  lcd.o(i.LCD_Initializtion)
    i.LCD_ReadData                           0x08002104   Section        0  lcd.o(i.LCD_ReadData)
    i.LCD_ReadReg                            0x08002150   Section        0  lcd.o(i.LCD_ReadReg)
    i.LCD_SetCursor                          0x0800217c   Section        0  lcd.o(i.LCD_SetCursor)
    LCD_SetCursor                            0x0800217d   Thumb Code    60  lcd.o(i.LCD_SetCursor)
    i.LCD_SetPoint                           0x080021bc   Section        0  lcd.o(i.LCD_SetPoint)
    i.LCD_WriteData                          0x080021e4   Section        0  lcd.o(i.LCD_WriteData)
    i.LCD_WriteIndex                         0x08002218   Section        0  lcd.o(i.LCD_WriteIndex)
    i.LCD_WriteReg                           0x08002250   Section        0  lcd.o(i.LCD_WriteReg)
    i.MemManage_Handler                      0x0800227c   Section        0  stm32f10x_it.o(i.MemManage_Handler)
    i.NMI_Handler                            0x08002280   Section        0  stm32f10x_it.o(i.NMI_Handler)
    i.PendSV_Handler                         0x08002282   Section        0  stm32f10x_it.o(i.PendSV_Handler)
    i.PutChar                                0x08002284   Section        0  lcd.o(i.PutChar)
    i.RCC_APB1PeriphClockCmd                 0x080022e8   Section        0  stm32f10x_rcc.o(i.RCC_APB1PeriphClockCmd)
    i.RCC_APB2PeriphClockCmd                 0x08002308   Section        0  stm32f10x_rcc.o(i.RCC_APB2PeriphClockCmd)
    i.RCC_GetClocksFreq                      0x08002328   Section        0  stm32f10x_rcc.o(i.RCC_GetClocksFreq)
    i.RD_AD                                  0x080024b8   Section        0  touchpanel.o(i.RD_AD)
    RD_AD                                    0x080024b9   Thumb Code   116  touchpanel.o(i.RD_AD)
    i.Read_Ads7846                           0x08002530   Section        0  touchpanel.o(i.Read_Ads7846)
    i.Read_X                                 0x08002730   Section        0  touchpanel.o(i.Read_X)
    i.Read_Y                                 0x08002764   Section        0  touchpanel.o(i.Read_Y)
    i.SPI_Cmd                                0x08002798   Section        0  stm32f10x_spi.o(i.SPI_Cmd)
    i.SPI_I2S_GetFlagStatus                  0x080027b0   Section        0  stm32f10x_spi.o(i.SPI_I2S_GetFlagStatus)
    i.SPI_I2S_ReceiveData                    0x080027c2   Section        0  stm32f10x_spi.o(i.SPI_I2S_ReceiveData)
    i.SPI_I2S_SendData                       0x080027c8   Section        0  stm32f10x_spi.o(i.SPI_I2S_SendData)
    i.SPI_Init                               0x080027cc   Section        0  stm32f10x_spi.o(i.SPI_Init)
    i.SVC_Handler                            0x08002808   Section        0  stm32f10x_it.o(i.SVC_Handler)
    i.SetSysClock                            0x0800280a   Section        0  system_stm32f10x.o(i.SetSysClock)
    SetSysClock                              0x0800280b   Thumb Code     8  system_stm32f10x.o(i.SetSysClock)
    i.SetSysClockTo72                        0x08002814   Section        0  system_stm32f10x.o(i.SetSysClockTo72)
    SetSysClockTo72                          0x08002815   Thumb Code   264  system_stm32f10x.o(i.SetSysClockTo72)
    i.SysTick_CLKSourceConfig                0x0800292c   Section        0  misc.o(i.SysTick_CLKSourceConfig)
    i.SysTick_Handler                        0x08002954   Section        0  stm32f10x_it.o(i.SysTick_Handler)
    i.SysTick_ITConfig                       0x08002956   Section        0  stm32f10x_systick.o(i.SysTick_ITConfig)
    i.SystemInit                             0x0800297c   Section        0  system_stm32f10x.o(i.SystemInit)
    i.TP_DrawPoint                           0x080029e8   Section        0  touchpanel.o(i.TP_DrawPoint)
    i.TP_GetAdXY                             0x08002a20   Section        0  touchpanel.o(i.TP_GetAdXY)
    i.TP_Init                                0x08002a44   Section        0  touchpanel.o(i.TP_Init)
    i.TouchPanel_Calibrate                   0x08002ac0   Section        0  touchpanel.o(i.TouchPanel_Calibrate)
    i.UsageFault_Handler                     0x08002b5c   Section        0  stm32f10x_it.o(i.UsageFault_Handler)
    i.WR_CMD                                 0x08002b60   Section        0  touchpanel.o(i.WR_CMD)
    WR_CMD                                   0x08002b61   Thumb Code    48  touchpanel.o(i.WR_CMD)
    i.delay_init                             0x08002b94   Section        0  systick.o(i.delay_init)
    i.delay_ms                               0x08002bd8   Section        0  lcd.o(i.delay_ms)
    i.getDisplayPoint                        0x08002bf6   Section        0  touchpanel.o(i.getDisplayPoint)
    i.main                                   0x08002ce4   Section        0  main.o(i.main)
    i.setCalibrationMatrix                   0x08002d1c   Section        0  touchpanel.o(i.setCalibrationMatrix)
    x$fpl$dadd                               0x08002e80   Section      336  daddsub_clz.o(x$fpl$dadd)
    _dadd1                                   0x08002e91   Thumb Code     0  daddsub_clz.o(x$fpl$dadd)
    x$fpl$dcmpinf                            0x08002fd0   Section       24  dcmpi.o(x$fpl$dcmpinf)
    x$fpl$ddiv                               0x08002fe8   Section      688  ddiv.o(x$fpl$ddiv)
    ddiv_entry                               0x08002fef   Thumb Code     0  ddiv.o(x$fpl$ddiv)
    x$fpl$deqf                               0x08003298   Section      120  deqf.o(x$fpl$deqf)
    x$fpl$dfixu                              0x08003310   Section       90  dfixu.o(x$fpl$dfixu)
    x$fpl$dflt                               0x0800336a   Section       46  dflt_clz.o(x$fpl$dflt)
    x$fpl$dfltu                              0x08003398   Section       38  dflt_clz.o(x$fpl$dfltu)
    x$fpl$dmul                               0x080033c0   Section      340  dmul.o(x$fpl$dmul)
    x$fpl$dnaninf                            0x08003514   Section      156  dnaninf.o(x$fpl$dnaninf)
    x$fpl$dretinf                            0x080035b0   Section       12  dretinf.o(x$fpl$dretinf)
    x$fpl$dsub                               0x080035bc   Section      468  daddsub_clz.o(x$fpl$dsub)
    _dsub1                                   0x080035cd   Thumb Code     0  daddsub_clz.o(x$fpl$dsub)
    .constdata                               0x08003790   Section     1520  asciilib.o(.constdata)
    x$fpl$usenofp                            0x08003790   Section        0  usenofp.o(x$fpl$usenofp)
    AsciiLib                                 0x08003790   Data        1520  asciilib.o(.constdata)
    .data                                    0x20000000   Section        1  lcd.o(.data)
    LCD_Code                                 0x20000000   Data           1  lcd.o(.data)
    .data                                    0x20000002   Section        5  systick.o(.data)
    delay_fac_us                             0x20000002   Data           1  systick.o(.data)
    delay_fac_ms                             0x20000004   Data           2  systick.o(.data)
    Status                                   0x20000006   Data           1  systick.o(.data)
    .data                                    0x20000008   Section       20  touchpanel.o(.data)
    screen                                   0x20000018   Data           4  touchpanel.o(.data)
    .data                                    0x2000001c   Section       20  stm32f10x_rcc.o(.data)
    APBAHBPrescTable                         0x2000001c   Data          16  stm32f10x_rcc.o(.data)
    ADCPrescTable                            0x2000002c   Data           4  stm32f10x_rcc.o(.data)
    .bss                                     0x20000030   Section       68  touchpanel.o(.bss)
    .bss                                     0x20000074   Section       96  libspace.o(.bss)
    HEAP                                     0x200000d8   Section      512  startup_stm32f10x_cl.o(HEAP)
    Heap_Mem                                 0x200000d8   Data         512  startup_stm32f10x_cl.o(HEAP)
    STACK                                    0x200002d8   Section     1024  startup_stm32f10x_cl.o(STACK)
    Stack_Mem                                0x200002d8   Data        1024  startup_stm32f10x_cl.o(STACK)
    __initial_sp                             0x200006d8   Data           0  startup_stm32f10x_cl.o(STACK)

    Global Symbols

    Symbol Name                              Value     Ov Type        Size  Object(Section)

    BuildAttributes$$THM_ISAv4$P$D$K$B$S$PE$A:L22UL41UL21$X:L11$S22US41US21$IEEE1$IW$USESV6$~STKCKD$USESV7$~SHL$OSPACE$ROPI$EBA8$UX$STANDARDLIB$REQ8$PRES8$EABIv2 0x00000000   Number         0  anon$$obj.o ABSOLUTE
    __ARM_use_no_argv                        0x00000000   Number         0  main.o ABSOLUTE
    __ARM_exceptions_init                     - Undefined Weak Reference
    __alloca_initialize                       - Undefined Weak Reference
    __arm_preinit_                            - Undefined Weak Reference
    __cpp_initialize__aeabi_                  - Undefined Weak Reference
    __cxa_finalize                            - Undefined Weak Reference
    __rt_locale                               - Undefined Weak Reference
    __sigvec_lookup                           - Undefined Weak Reference
    _atexit_init                              - Undefined Weak Reference
    _call_atexit_fns                          - Undefined Weak Reference
    _clock_init                               - Undefined Weak Reference
    _fp_trap_init                             - Undefined Weak Reference
    _fp_trap_shutdown                         - Undefined Weak Reference
    _get_lc_collate                           - Undefined Weak Reference
    _get_lc_ctype                             - Undefined Weak Reference
    _get_lc_monetary                          - Undefined Weak Reference
    _get_lc_numeric                           - Undefined Weak Reference
    _get_lc_time                              - Undefined Weak Reference
    _getenv_init                              - Undefined Weak Reference
    _handle_redirection                       - Undefined Weak Reference
    _init_alloc                               - Undefined Weak Reference
    _init_user_alloc                          - Undefined Weak Reference
    _initio                                   - Undefined Weak Reference
    _rand_init                                - Undefined Weak Reference
    _signal_finish                            - Undefined Weak Reference
    _signal_init                              - Undefined Weak Reference
    _terminate_alloc                          - Undefined Weak Reference
    _terminate_user_alloc                     - Undefined Weak Reference
    _terminateio                              - Undefined Weak Reference
    __Vectors_Size                           0x00000150   Number         0  startup_stm32f10x_cl.o ABSOLUTE
    __Vectors                                0x08000000   Data           4  startup_stm32f10x_cl.o(RESET)
    __Vectors_End                            0x08000150   Data           0  startup_stm32f10x_cl.o(RESET)
    __main                                   0x08000151   Thumb Code     8  __main.o(!!!main)
    __scatterload                            0x08000159   Thumb Code     0  __scatter.o(!!!scatter)
    __scatterload_rt2                        0x08000159   Thumb Code    44  __scatter.o(!!!scatter)
    __scatterload_rt2_thumb_only             0x08000159   Thumb Code     0  __scatter.o(!!!scatter)
    __scatterload_null                       0x08000167   Thumb Code     0  __scatter.o(!!!scatter)
    __scatterload_copy                       0x0800018d   Thumb Code    26  __scatter_copy.o(!!handler_copy)
    __scatterload_zeroinit                   0x080001a9   Thumb Code    28  __scatter_zi.o(!!handler_zi)
    __rt_lib_init                            0x080001c5   Thumb Code     0  libinit.o(.ARM.Collect$$libinit$$00000000)
    __rt_lib_init_alloca_1                   0x080001c7   Thumb Code     0  libinit2.o(.ARM.Collect$$libinit$$0000002E)
    __rt_lib_init_argv_1                     0x080001c7   Thumb Code     0  libinit2.o(.ARM.Collect$$libinit$$0000002C)
    __rt_lib_init_atexit_1                   0x080001c7   Thumb Code     0  libinit2.o(.ARM.Collect$$libinit$$0000001B)
    __rt_lib_init_clock_1                    0x080001c7   Thumb Code     0  libinit2.o(.ARM.Collect$$libinit$$00000021)
    __rt_lib_init_cpp_1                      0x080001c7   Thumb Code     0  libinit2.o(.ARM.Collect$$libinit$$00000032)
    __rt_lib_init_exceptions_1               0x080001c7   Thumb Code     0  libinit2.o(.ARM.Collect$$libinit$$00000030)
    __rt_lib_init_fp_1                       0x080001c7   Thumb Code     0  libinit2.o(.ARM.Collect$$libinit$$00000002)
    __rt_lib_init_fp_trap_1                  0x080001c7   Thumb Code     0  libinit2.o(.ARM.Collect$$libinit$$0000001F)
    __rt_lib_init_getenv_1                   0x080001c7   Thumb Code     0  libinit2.o(.ARM.Collect$$libinit$$00000023)
    __rt_lib_init_heap_1                     0x080001c7   Thumb Code     0  libinit2.o(.ARM.Collect$$libinit$$0000000A)
    __rt_lib_init_lc_collate_1               0x080001c7   Thumb Code     0  libinit2.o(.ARM.Collect$$libinit$$00000011)
    __rt_lib_init_lc_ctype_1                 0x080001c7   Thumb Code     0  libinit2.o(.ARM.Collect$$libinit$$00000013)
    __rt_lib_init_lc_monetary_1              0x080001c7   Thumb Code     0  libinit2.o(.ARM.Collect$$libinit$$00000015)
    __rt_lib_init_lc_numeric_1               0x080001c7   Thumb Code     0  libinit2.o(.ARM.Collect$$libinit$$00000017)
    __rt_lib_init_lc_time_1                  0x080001c7   Thumb Code     0  libinit2.o(.ARM.Collect$$libinit$$00000019)
    __rt_lib_init_preinit_1                  0x080001c7   Thumb Code     0  libinit2.o(.ARM.Collect$$libinit$$00000004)
    __rt_lib_init_rand_1                     0x080001c7   Thumb Code     0  libinit2.o(.ARM.Collect$$libinit$$0000000E)
    __rt_lib_init_return                     0x080001c7   Thumb Code     0  libinit2.o(.ARM.Collect$$libinit$$00000033)
    __rt_lib_init_signal_1                   0x080001c7   Thumb Code     0  libinit2.o(.ARM.Collect$$libinit$$0000001D)
    __rt_lib_init_stdio_1                    0x080001c7   Thumb Code     0  libinit2.o(.ARM.Collect$$libinit$$00000025)
    __rt_lib_init_user_alloc_1               0x080001c7   Thumb Code     0  libinit2.o(.ARM.Collect$$libinit$$0000000C)
    __rt_lib_shutdown                        0x080001c9   Thumb Code     0  libshutdown.o(.ARM.Collect$$libshutdown$$00000000)
    __rt_lib_shutdown_cpp_1                  0x080001cb   Thumb Code     0  libshutdown2.o(.ARM.Collect$$libshutdown$$00000002)
    __rt_lib_shutdown_fp_trap_1              0x080001cb   Thumb Code     0  libshutdown2.o(.ARM.Collect$$libshutdown$$00000007)
    __rt_lib_shutdown_heap_1                 0x080001cb   Thumb Code     0  libshutdown2.o(.ARM.Collect$$libshutdown$$0000000F)
    __rt_lib_shutdown_return                 0x080001cb   Thumb Code     0  libshutdown2.o(.ARM.Collect$$libshutdown$$00000010)
    __rt_lib_shutdown_signal_1               0x080001cb   Thumb Code     0  libshutdown2.o(.ARM.Collect$$libshutdown$$0000000A)
    __rt_lib_shutdown_stdio_1                0x080001cb   Thumb Code     0  libshutdown2.o(.ARM.Collect$$libshutdown$$00000004)
    __rt_lib_shutdown_user_alloc_1           0x080001cb   Thumb Code     0  libshutdown2.o(.ARM.Collect$$libshutdown$$0000000C)
    __rt_entry                               0x080001cd   Thumb Code     0  __rtentry.o(.ARM.Collect$$rtentry$$00000000)
    __rt_entry_presh_1                       0x080001cd   Thumb Code     0  __rtentry2.o(.ARM.Collect$$rtentry$$00000002)
    __rt_entry_sh                            0x080001cd   Thumb Code     0  __rtentry4.o(.ARM.Collect$$rtentry$$00000004)
    __rt_entry_li                            0x080001d3   Thumb Code     0  __rtentry2.o(.ARM.Collect$$rtentry$$0000000A)
    __rt_entry_postsh_1                      0x080001d3   Thumb Code     0  __rtentry2.o(.ARM.Collect$$rtentry$$00000009)
    __rt_entry_main                          0x080001d7   Thumb Code     0  __rtentry2.o(.ARM.Collect$$rtentry$$0000000D)
    __rt_entry_postli_1                      0x080001d7   Thumb Code     0  __rtentry2.o(.ARM.Collect$$rtentry$$0000000C)
    __rt_exit                                0x080001df   Thumb Code     0  rtexit.o(.ARM.Collect$$rtexit$$00000000)
    __rt_exit_ls                             0x080001e1   Thumb Code     0  rtexit2.o(.ARM.Collect$$rtexit$$00000003)
    __rt_exit_prels_1                        0x080001e1   Thumb Code     0  rtexit2.o(.ARM.Collect$$rtexit$$00000002)
    __rt_exit_exit                           0x080001e5   Thumb Code     0  rtexit2.o(.ARM.Collect$$rtexit$$00000004)
    Reset_Handler                            0x080001ed   Thumb Code     8  startup_stm32f10x_cl.o(.text)
    ADC1_2_IRQHandler                        0x08000207   Thumb Code     0  startup_stm32f10x_cl.o(.text)
    CAN1_RX0_IRQHandler                      0x08000207   Thumb Code     0  startup_stm32f10x_cl.o(.text)
    CAN1_RX1_IRQHandler                      0x08000207   Thumb Code     0  startup_stm32f10x_cl.o(.text)
    CAN1_SCE_IRQHandler                      0x08000207   Thumb Code     0  startup_stm32f10x_cl.o(.text)
    CAN1_TX_IRQHandler                       0x08000207   Thumb Code     0  startup_stm32f10x_cl.o(.text)
    CAN2_RX0_IRQHandler                      0x08000207   Thumb Code     0  startup_stm32f10x_cl.o(.text)
    CAN2_RX1_IRQHandler                      0x08000207   Thumb Code     0  startup_stm32f10x_cl.o(.text)
    CAN2_SCE_IRQHandler                      0x08000207   Thumb Code     0  startup_stm32f10x_cl.o(.text)
    CAN2_TX_IRQHandler                       0x08000207   Thumb Code     0  startup_stm32f10x_cl.o(.text)
    DMA1_Channel1_IRQHandler                 0x08000207   Thumb Code     0  startup_stm32f10x_cl.o(.text)
    DMA1_Channel2_IRQHandler                 0x08000207   Thumb Code     0  startup_stm32f10x_cl.o(.text)
    DMA1_Channel3_IRQHandler                 0x08000207   Thumb Code     0  startup_stm32f10x_cl.o(.text)
    DMA1_Channel4_IRQHandler                 0x08000207   Thumb Code     0  startup_stm32f10x_cl.o(.text)
    DMA1_Channel5_IRQHandler                 0x08000207   Thumb Code     0  startup_stm32f10x_cl.o(.text)
    DMA1_Channel6_IRQHandler                 0x08000207   Thumb Code     0  startup_stm32f10x_cl.o(.text)
    DMA1_Channel7_IRQHandler                 0x08000207   Thumb Code     0  startup_stm32f10x_cl.o(.text)
    DMA2_Channel1_IRQHandler                 0x08000207   Thumb Code     0  startup_stm32f10x_cl.o(.text)
    DMA2_Channel2_IRQHandler                 0x08000207   Thumb Code     0  startup_stm32f10x_cl.o(.text)
    DMA2_Channel3_IRQHandler                 0x08000207   Thumb Code     0  startup_stm32f10x_cl.o(.text)
    DMA2_Channel4_IRQHandler                 0x08000207   Thumb Code     0  startup_stm32f10x_cl.o(.text)
    DMA2_Channel5_IRQHandler                 0x08000207   Thumb Code     0  startup_stm32f10x_cl.o(.text)
    ETH_IRQHandler                           0x08000207   Thumb Code     0  startup_stm32f10x_cl.o(.text)
    ETH_WKUP_IRQHandler                      0x08000207   Thumb Code     0  startup_stm32f10x_cl.o(.text)
    EXTI0_IRQHandler                         0x08000207   Thumb Code     0  startup_stm32f10x_cl.o(.text)
    EXTI15_10_IRQHandler                     0x08000207   Thumb Code     0  startup_stm32f10x_cl.o(.text)
    EXTI1_IRQHandler                         0x08000207   Thumb Code     0  startup_stm32f10x_cl.o(.text)
    EXTI2_IRQHandler                         0x08000207   Thumb Code     0  startup_stm32f10x_cl.o(.text)
    EXTI3_IRQHandler                         0x08000207   Thumb Code     0  startup_stm32f10x_cl.o(.text)
    EXTI4_IRQHandler                         0x08000207   Thumb Code     0  startup_stm32f10x_cl.o(.text)
    EXTI9_5_IRQHandler                       0x08000207   Thumb Code     0  startup_stm32f10x_cl.o(.text)
    FLASH_IRQHandler                         0x08000207   Thumb Code     0  startup_stm32f10x_cl.o(.text)
    I2C1_ER_IRQHandler                       0x08000207   Thumb Code     0  startup_stm32f10x_cl.o(.text)
    I2C1_EV_IRQHandler                       0x08000207   Thumb Code     0  startup_stm32f10x_cl.o(.text)
    I2C2_ER_IRQHandler                       0x08000207   Thumb Code     0  startup_stm32f10x_cl.o(.text)
    I2C2_EV_IRQHandler                       0x08000207   Thumb Code     0  startup_stm32f10x_cl.o(.text)
    OTG_FS_IRQHandler                        0x08000207   Thumb Code     0  startup_stm32f10x_cl.o(.text)
    OTG_FS_WKUP_IRQHandler                   0x08000207   Thumb Code     0  startup_stm32f10x_cl.o(.text)
    PVD_IRQHandler                           0x08000207   Thumb Code     0  startup_stm32f10x_cl.o(.text)
    RCC_IRQHandler                           0x08000207   Thumb Code     0  startup_stm32f10x_cl.o(.text)
    RTCAlarm_IRQHandler                      0x08000207   Thumb Code     0  startup_stm32f10x_cl.o(.text)
    RTC_IRQHandler                           0x08000207   Thumb Code     0  startup_stm32f10x_cl.o(.text)
    SPI1_IRQHandler                          0x08000207   Thumb Code     0  startup_stm32f10x_cl.o(.text)
    SPI2_IRQHandler                          0x08000207   Thumb Code     0  startup_stm32f10x_cl.o(.text)
    SPI3_IRQHandler                          0x08000207   Thumb Code     0  startup_stm32f10x_cl.o(.text)
    TAMPER_IRQHandler                        0x08000207   Thumb Code     0  startup_stm32f10x_cl.o(.text)
    TIM1_BRK_IRQHandler                      0x08000207   Thumb Code     0  startup_stm32f10x_cl.o(.text)
    TIM1_CC_IRQHandler                       0x08000207   Thumb Code     0  startup_stm32f10x_cl.o(.text)
    TIM1_TRG_COM_IRQHandler                  0x08000207   Thumb Code     0  startup_stm32f10x_cl.o(.text)
    TIM1_UP_IRQHandler                       0x08000207   Thumb Code     0  startup_stm32f10x_cl.o(.text)
    TIM2_IRQHandler                          0x08000207   Thumb Code     0  startup_stm32f10x_cl.o(.text)
    TIM3_IRQHandler                          0x08000207   Thumb Code     0  startup_stm32f10x_cl.o(.text)
    TIM4_IRQHandler                          0x08000207   Thumb Code     0  startup_stm32f10x_cl.o(.text)
    TIM5_IRQHandler                          0x08000207   Thumb Code     0  startup_stm32f10x_cl.o(.text)
    TIM6_IRQHandler                          0x08000207   Thumb Code     0  startup_stm32f10x_cl.o(.text)
    TIM7_IRQHandler                          0x08000207   Thumb Code     0  startup_stm32f10x_cl.o(.text)
    UART4_IRQHandler                         0x08000207   Thumb Code     0  startup_stm32f10x_cl.o(.text)
    UART5_IRQHandler                         0x08000207   Thumb Code     0  startup_stm32f10x_cl.o(.text)
    USART1_IRQHandler                        0x08000207   Thumb Code     0  startup_stm32f10x_cl.o(.text)
    USART2_IRQHandler                        0x08000207   Thumb Code     0  startup_stm32f10x_cl.o(.text)
    USART3_IRQHandler                        0x08000207   Thumb Code     0  startup_stm32f10x_cl.o(.text)
    WWDG_IRQHandler                          0x08000207   Thumb Code     0  startup_stm32f10x_cl.o(.text)
    __user_initial_stackheap                 0x08000209   Thumb Code     0  startup_stm32f10x_cl.o(.text)
    __aeabi_memcpy                           0x0800022d   Thumb Code     0  rt_memcpy_v6.o(.text)
    __rt_memcpy                              0x0800022d   Thumb Code   138  rt_memcpy_v6.o(.text)
    _memcpy_lastbytes                        0x08000293   Thumb Code     0  rt_memcpy_v6.o(.text)
    __aeabi_memclr4                          0x080002b7   Thumb Code     0  rt_memclr_w.o(.text)
    __aeabi_memclr8                          0x080002b7   Thumb Code     0  rt_memclr_w.o(.text)
    __rt_memclr_w                            0x080002b7   Thumb Code    78  rt_memclr_w.o(.text)
    _memset_w                                0x080002bb   Thumb Code     0  rt_memclr_w.o(.text)
    __use_two_region_memory                  0x08000305   Thumb Code     2  heapauxi.o(.text)
    __rt_heap_escrow$2region                 0x08000307   Thumb Code     2  heapauxi.o(.text)
    __rt_heap_expand$2region                 0x08000309   Thumb Code     2  heapauxi.o(.text)
    __aeabi_memcpy4                          0x0800030b   Thumb Code     0  rt_memcpy_w.o(.text)
    __aeabi_memcpy8                          0x0800030b   Thumb Code     0  rt_memcpy_w.o(.text)
    __rt_memcpy_w                            0x0800030b   Thumb Code   100  rt_memcpy_w.o(.text)
    _memcpy_lastbytes_aligned                0x08000353   Thumb Code     0  rt_memcpy_w.o(.text)
    __user_setup_stackheap                   0x0800036f   Thumb Code    74  sys_stackheap_outer.o(.text)
    exit                                     0x080003b9   Thumb Code    18  exit.o(.text)
    __user_libspace                          0x080003cd   Thumb Code     8  libspace.o(.text)
    __user_perproc_libspace                  0x080003cd   Thumb Code     0  libspace.o(.text)
    __user_perthread_libspace                0x080003cd   Thumb Code     0  libspace.o(.text)
    _sys_exit                                0x080003d5   Thumb Code     8  sys_exit.o(.text)
    __I$use$semihosting                      0x080003e1   Thumb Code     0  use_no_semi.o(.text)
    __use_no_semihosting_swi                 0x080003e1   Thumb Code     2  use_no_semi.o(.text)
    __semihosting_library_function           0x080003e3   Thumb Code     0  indicate_semi.o(.text)
    BusFault_Handler                         0x08000449   Thumb Code     4  stm32f10x_it.o(i.BusFault_Handler)
    DebugMon_Handler                         0x0800044d   Thumb Code     2  stm32f10x_it.o(i.DebugMon_Handler)
    DrawCross                                0x0800046f   Thumb Code   356  touchpanel.o(i.DrawCross)
    GPIO_Init                                0x080005d3   Thumb Code   278  stm32f10x_gpio.o(i.GPIO_Init)
    GPIO_PinRemapConfig                      0x080006e9   Thumb Code   138  stm32f10x_gpio.o(i.GPIO_PinRemapConfig)
    GPIO_ReadInputDataBit                    0x08000779   Thumb Code    18  stm32f10x_gpio.o(i.GPIO_ReadInputDataBit)
    GPIO_ResetBits                           0x0800078b   Thumb Code     4  stm32f10x_gpio.o(i.GPIO_ResetBits)
    GPIO_SetBits                             0x0800078f   Thumb Code     4  stm32f10x_gpio.o(i.GPIO_SetBits)
    GUI_Text                                 0x08000793   Thumb Code    80  lcd.o(i.GUI_Text)
    GetASCIICode                             0x080007e5   Thumb Code    26  asciilib.o(i.GetASCIICode)
    HardFault_Handler                        0x08000805   Thumb Code     4  stm32f10x_it.o(i.HardFault_Handler)
    LCD_Clear                                0x08000809   Thumb Code   140  lcd.o(i.LCD_Clear)
    LCD_Delay                                0x08000909   Thumb Code    14  lcd.o(i.LCD_Delay)
    LCD_DrawLine                             0x08000917   Thumb Code   250  lcd.o(i.LCD_DrawLine)
    LCD_Initializtion                        0x08000a11   Thumb Code  5870  lcd.o(i.LCD_Initializtion)
    LCD_ReadData                             0x08002105   Thumb Code    66  lcd.o(i.LCD_ReadData)
    LCD_ReadReg                              0x08002151   Thumb Code    38  lcd.o(i.LCD_ReadReg)
    LCD_SetPoint                             0x080021bd   Thumb Code    40  lcd.o(i.LCD_SetPoint)
    LCD_WriteData                            0x080021e5   Thumb Code    44  lcd.o(i.LCD_WriteData)
    LCD_WriteIndex                           0x08002219   Thumb Code    48  lcd.o(i.LCD_WriteIndex)
    LCD_WriteReg                             0x08002251   Thumb Code    38  lcd.o(i.LCD_WriteReg)
    MemManage_Handler                        0x0800227d   Thumb Code     4  stm32f10x_it.o(i.MemManage_Handler)
    NMI_Handler                              0x08002281   Thumb Code     2  stm32f10x_it.o(i.NMI_Handler)
    PendSV_Handler                           0x08002283   Thumb Code     2  stm32f10x_it.o(i.PendSV_Handler)
    PutChar                                  0x08002285   Thumb Code   100  lcd.o(i.PutChar)
    RCC_APB1PeriphClockCmd                   0x080022e9   Thumb Code    26  stm32f10x_rcc.o(i.RCC_APB1PeriphClockCmd)
    RCC_APB2PeriphClockCmd                   0x08002309   Thumb Code    26  stm32f10x_rcc.o(i.RCC_APB2PeriphClockCmd)
    RCC_GetClocksFreq                        0x08002329   Thumb Code   374  stm32f10x_rcc.o(i.RCC_GetClocksFreq)
    Read_Ads7846                             0x08002531   Thumb Code   502  touchpanel.o(i.Read_Ads7846)
    Read_X                                   0x08002731   Thumb Code    46  touchpanel.o(i.Read_X)
    Read_Y                                   0x08002765   Thumb Code    46  touchpanel.o(i.Read_Y)
    SPI_Cmd                                  0x08002799   Thumb Code    24  stm32f10x_spi.o(i.SPI_Cmd)
    SPI_I2S_GetFlagStatus                    0x080027b1   Thumb Code    18  stm32f10x_spi.o(i.SPI_I2S_GetFlagStatus)
    SPI_I2S_ReceiveData                      0x080027c3   Thumb Code     6  stm32f10x_spi.o(i.SPI_I2S_ReceiveData)
    SPI_I2S_SendData                         0x080027c9   Thumb Code     4  stm32f10x_spi.o(i.SPI_I2S_SendData)
    SPI_Init                                 0x080027cd   Thumb Code    60  stm32f10x_spi.o(i.SPI_Init)
    SVC_Handler                              0x08002809   Thumb Code     2  stm32f10x_it.o(i.SVC_Handler)
    SysTick_CLKSourceConfig                  0x0800292d   Thumb Code    40  misc.o(i.SysTick_CLKSourceConfig)
    SysTick_Handler                          0x08002955   Thumb Code     2  stm32f10x_it.o(i.SysTick_Handler)
    SysTick_ITConfig                         0x08002957   Thumb Code    38  stm32f10x_systick.o(i.SysTick_ITConfig)
    SystemInit                               0x0800297d   Thumb Code    92  system_stm32f10x.o(i.SystemInit)
    TP_DrawPoint                             0x080029e9   Thumb Code    56  touchpanel.o(i.TP_DrawPoint)
    TP_GetAdXY                               0x08002a21   Thumb Code    34  touchpanel.o(i.TP_GetAdXY)
    TP_Init                                  0x08002a45   Thumb Code   112  touchpanel.o(i.TP_Init)
    TouchPanel_Calibrate                     0x08002ac1   Thumb Code   112  touchpanel.o(i.TouchPanel_Calibrate)
    UsageFault_Handler                       0x08002b5d   Thumb Code     4  stm32f10x_it.o(i.UsageFault_Handler)
    delay_init                               0x08002b95   Thumb Code    54  systick.o(i.delay_init)
    delay_ms                                 0x08002bd9   Thumb Code    30  lcd.o(i.delay_ms)
    getDisplayPoint                          0x08002bf7   Thumb Code   238  touchpanel.o(i.getDisplayPoint)
    main                                     0x08002ce5   Thumb Code    46  main.o(i.main)
    setCalibrationMatrix                     0x08002d1d   Thumb Code   356  touchpanel.o(i.setCalibrationMatrix)
    __aeabi_dadd                             0x08002e81   Thumb Code     0  daddsub_clz.o(x$fpl$dadd)
    _dadd                                    0x08002e81   Thumb Code   332  daddsub_clz.o(x$fpl$dadd)
    __fpl_dcmp_Inf                           0x08002fd1   Thumb Code    24  dcmpi.o(x$fpl$dcmpinf)
    __aeabi_ddiv                             0x08002fe9   Thumb Code     0  ddiv.o(x$fpl$ddiv)
    _ddiv                                    0x08002fe9   Thumb Code   552  ddiv.o(x$fpl$ddiv)
    __aeabi_cdcmpeq                          0x08003299   Thumb Code     0  deqf.o(x$fpl$deqf)
    _dcmpeq                                  0x08003299   Thumb Code   120  deqf.o(x$fpl$deqf)
    __aeabi_d2uiz                            0x08003311   Thumb Code     0  dfixu.o(x$fpl$dfixu)
    _dfixu                                   0x08003311   Thumb Code    90  dfixu.o(x$fpl$dfixu)
    __aeabi_i2d                              0x0800336b   Thumb Code     0  dflt_clz.o(x$fpl$dflt)
    _dflt                                    0x0800336b   Thumb Code    46  dflt_clz.o(x$fpl$dflt)
    __aeabi_ui2d                             0x08003399   Thumb Code     0  dflt_clz.o(x$fpl$dfltu)
    _dfltu                                   0x08003399   Thumb Code    38  dflt_clz.o(x$fpl$dfltu)
    __aeabi_dmul                             0x080033c1   Thumb Code     0  dmul.o(x$fpl$dmul)
    _dmul                                    0x080033c1   Thumb Code   332  dmul.o(x$fpl$dmul)
    __fpl_dnaninf                            0x08003515   Thumb Code   156  dnaninf.o(x$fpl$dnaninf)
    __fpl_dretinf                            0x080035b1   Thumb Code    12  dretinf.o(x$fpl$dretinf)
    __aeabi_dsub                             0x080035bd   Thumb Code     0  daddsub_clz.o(x$fpl$dsub)
    _dsub                                    0x080035bd   Thumb Code   464  daddsub_clz.o(x$fpl$dsub)
    __I$use$fp                               0x08003790   Number         0  usenofp.o(x$fpl$usenofp)
    Region$$Table$$Base                      0x08003d80   Number         0  anon$$obj.o(Region$$Table)
    Region$$Table$$Limit                     0x08003da0   Number         0  anon$$obj.o(Region$$Table)
    display                                  0x20000008   Data           4  touchpanel.o(.data)
    DisplaySample                            0x2000000c   Data          12  touchpanel.o(.data)
    matrix                                   0x20000030   Data          56  touchpanel.o(.bss)
    ScreenSample                             0x20000068   Data          12  touchpanel.o(.bss)
    __libspace_start                         0x20000074   Data          96  libspace.o(.bss)
    __temporary_stack_top$libspace           0x200000d4   Data           0  libspace.o(.bss)



==============================================================================

Memory Map of the image

  Image Entry point : 0x08000151

  Load Region LR_IROM1 (Base: 0x08000000, Size: 0x00003dd0, Max: 0x00040000, ABSOLUTE)

    Execution Region ER_IROM1 (Exec base: 0x08000000, Load base: 0x08000000, Size: 0x00003da0, Max: 0x00040000, ABSOLUTE)

    Exec Addr    Load Addr    Size         Type   Attr      Idx    E Section Name        Object

    0x08000000   0x08000000   0x00000150   Data   RO         1196    RESET               startup_stm32f10x_cl.o
    0x08000150   0x08000150   0x00000008   Code   RO         1209  * !!!main             c_w.l(__main.o)
    0x08000158   0x08000158   0x00000034   Code   RO         1399    !!!scatter          c_w.l(__scatter.o)
    0x0800018c   0x0800018c   0x0000001a   Code   RO         1401    !!handler_copy      c_w.l(__scatter_copy.o)
    0x080001a6   0x080001a6   0x00000002   PAD
    0x080001a8   0x080001a8   0x0000001c   Code   RO         1403    !!handler_zi        c_w.l(__scatter_zi.o)
    0x080001c4   0x080001c4   0x00000002   Code   RO         1269    .ARM.Collect$$libinit$$00000000  c_w.l(libinit.o)
    0x080001c6   0x080001c6   0x00000000   Code   RO         1276    .ARM.Collect$$libinit$$00000002  c_w.l(libinit2.o)
    0x080001c6   0x080001c6   0x00000000   Code   RO         1278    .ARM.Collect$$libinit$$00000004  c_w.l(libinit2.o)
    0x080001c6   0x080001c6   0x00000000   Code   RO         1281    .ARM.Collect$$libinit$$0000000A  c_w.l(libinit2.o)
    0x080001c6   0x080001c6   0x00000000   Code   RO         1283    .ARM.Collect$$libinit$$0000000C  c_w.l(libinit2.o)
    0x080001c6   0x080001c6   0x00000000   Code   RO         1285    .ARM.Collect$$libinit$$0000000E  c_w.l(libinit2.o)
    0x080001c6   0x080001c6   0x00000000   Code   RO         1288    .ARM.Collect$$libinit$$00000011  c_w.l(libinit2.o)
    0x080001c6   0x080001c6   0x00000000   Code   RO         1290    .ARM.Collect$$libinit$$00000013  c_w.l(libinit2.o)
    0x080001c6   0x080001c6   0x00000000   Code   RO         1292    .ARM.Collect$$libinit$$00000015  c_w.l(libinit2.o)
    0x080001c6   0x080001c6   0x00000000   Code   RO         1294    .ARM.Collect$$libinit$$00000017  c_w.l(libinit2.o)
    0x080001c6   0x080001c6   0x00000000   Code   RO         1296    .ARM.Collect$$libinit$$00000019  c_w.l(libinit2.o)
    0x080001c6   0x080001c6   0x00000000   Code   RO         1298    .ARM.Collect$$libinit$$0000001B  c_w.l(libinit2.o)
    0x080001c6   0x080001c6   0x00000000   Code   RO         1300    .ARM.Collect$$libinit$$0000001D  c_w.l(libinit2.o)
    0x080001c6   0x080001c6   0x00000000   Code   RO         1302    .ARM.Collect$$libinit$$0000001F  c_w.l(libinit2.o)
    0x080001c6   0x080001c6   0x00000000   Code   RO         1304    .ARM.Collect$$libinit$$00000021  c_w.l(libinit2.o)
    0x080001c6   0x080001c6   0x00000000   Code   RO         1306    .ARM.Collect$$libinit$$00000023  c_w.l(libinit2.o)
    0x080001c6   0x080001c6   0x00000000   Code   RO         1308    .ARM.Collect$$libinit$$00000025  c_w.l(libinit2.o)
    0x080001c6   0x080001c6   0x00000000   Code   RO         1312    .ARM.Collect$$libinit$$0000002C  c_w.l(libinit2.o)
    0x080001c6   0x080001c6   0x00000000   Code   RO         1314    .ARM.Collect$$libinit$$0000002E  c_w.l(libinit2.o)
    0x080001c6   0x080001c6   0x00000000   Code   RO         1316    .ARM.Collect$$libinit$$00000030  c_w.l(libinit2.o)
    0x080001c6   0x080001c6   0x00000000   Code   RO         1318    .ARM.Collect$$libinit$$00000032  c_w.l(libinit2.o)
    0x080001c6   0x080001c6   0x00000002   Code   RO         1319    .ARM.Collect$$libinit$$00000033  c_w.l(libinit2.o)
    0x080001c8   0x080001c8   0x00000002   Code   RO         1339    .ARM.Collect$$libshutdown$$00000000  c_w.l(libshutdown.o)
    0x080001ca   0x080001ca   0x00000000   Code   RO         1352    .ARM.Collect$$libshutdown$$00000002  c_w.l(libshutdown2.o)
    0x080001ca   0x080001ca   0x00000000   Code   RO         1354    .ARM.Collect$$libshutdown$$00000004  c_w.l(libshutdown2.o)
    0x080001ca   0x080001ca   0x00000000   Code   RO         1357    .ARM.Collect$$libshutdown$$00000007  c_w.l(libshutdown2.o)
    0x080001ca   0x080001ca   0x00000000   Code   RO         1360    .ARM.Collect$$libshutdown$$0000000A  c_w.l(libshutdown2.o)
    0x080001ca   0x080001ca   0x00000000   Code   RO         1362    .ARM.Collect$$libshutdown$$0000000C  c_w.l(libshutdown2.o)
    0x080001ca   0x080001ca   0x00000000   Code   RO         1365    .ARM.Collect$$libshutdown$$0000000F  c_w.l(libshutdown2.o)
    0x080001ca   0x080001ca   0x00000002   Code   RO         1366    .ARM.Collect$$libshutdown$$00000010  c_w.l(libshutdown2.o)
    0x080001cc   0x080001cc   0x00000000   Code   RO         1235    .ARM.Collect$$rtentry$$00000000  c_w.l(__rtentry.o)
    0x080001cc   0x080001cc   0x00000000   Code   RO         1246    .ARM.Collect$$rtentry$$00000002  c_w.l(__rtentry2.o)
    0x080001cc   0x080001cc   0x00000006   Code   RO         1258    .ARM.Collect$$rtentry$$00000004  c_w.l(__rtentry4.o)
    0x080001d2   0x080001d2   0x00000000   Code   RO         1248    .ARM.Collect$$rtentry$$00000009  c_w.l(__rtentry2.o)
    0x080001d2   0x080001d2   0x00000004   Code   RO         1249    .ARM.Collect$$rtentry$$0000000A  c_w.l(__rtentry2.o)
    0x080001d6   0x080001d6   0x00000000   Code   RO         1251    .ARM.Collect$$rtentry$$0000000C  c_w.l(__rtentry2.o)
    0x080001d6   0x080001d6   0x00000008   Code   RO         1252    .ARM.Collect$$rtentry$$0000000D  c_w.l(__rtentry2.o)
    0x080001de   0x080001de   0x00000002   Code   RO         1273    .ARM.Collect$$rtexit$$00000000  c_w.l(rtexit.o)
    0x080001e0   0x080001e0   0x00000000   Code   RO         1321    .ARM.Collect$$rtexit$$00000002  c_w.l(rtexit2.o)
    0x080001e0   0x080001e0   0x00000004   Code   RO         1322    .ARM.Collect$$rtexit$$00000003  c_w.l(rtexit2.o)
    0x080001e4   0x080001e4   0x00000006   Code   RO         1323    .ARM.Collect$$rtexit$$00000004  c_w.l(rtexit2.o)
    0x080001ea   0x080001ea   0x00000002   PAD
    0x080001ec   0x080001ec   0x00000040   Code   RO         1197    .text               startup_stm32f10x_cl.o
    0x0800022c   0x0800022c   0x0000008a   Code   RO         1203    .text               c_w.l(rt_memcpy_v6.o)
    0x080002b6   0x080002b6   0x0000004e   Code   RO         1205    .text               c_w.l(rt_memclr_w.o)
    0x08000304   0x08000304   0x00000006   Code   RO         1207    .text               c_w.l(heapauxi.o)
    0x0800030a   0x0800030a   0x00000064   Code   RO         1236    .text               c_w.l(rt_memcpy_w.o)
    0x0800036e   0x0800036e   0x0000004a   Code   RO         1260    .text               c_w.l(sys_stackheap_outer.o)
    0x080003b8   0x080003b8   0x00000012   Code   RO         1262    .text               c_w.l(exit.o)
    0x080003ca   0x080003ca   0x00000002   PAD
    0x080003cc   0x080003cc   0x00000008   Code   RO         1270    .text               c_w.l(libspace.o)
    0x080003d4   0x080003d4   0x0000000c   Code   RO         1331    .text               c_w.l(sys_exit.o)
    0x080003e0   0x080003e0   0x00000002   Code   RO         1342    .text               c_w.l(use_no_semi.o)
    0x080003e2   0x080003e2   0x00000000   Code   RO         1344    .text               c_w.l(indicate_semi.o)
    0x080003e2   0x080003e2   0x00000002   PAD
    0x080003e4   0x080003e4   0x00000064   Code   RO          388    i.ADS7843_SPI_Init  touchpanel.o
    0x08000448   0x08000448   0x00000004   Code   RO          121    i.BusFault_Handler  stm32f10x_it.o
    0x0800044c   0x0800044c   0x00000002   Code   RO          122    i.DebugMon_Handler  stm32f10x_it.o
    0x0800044e   0x0800044e   0x00000020   Code   RO          389    i.DelayUS           touchpanel.o
    0x0800046e   0x0800046e   0x00000164   Code   RO          390    i.DrawCross         touchpanel.o
    0x080005d2   0x080005d2   0x00000116   Code   RO          487    i.GPIO_Init         stm32f10x_gpio.o
    0x080006e8   0x080006e8   0x00000090   Code   RO          489    i.GPIO_PinRemapConfig  stm32f10x_gpio.o
    0x08000778   0x08000778   0x00000012   Code   RO          491    i.GPIO_ReadInputDataBit  stm32f10x_gpio.o
    0x0800078a   0x0800078a   0x00000004   Code   RO          494    i.GPIO_ResetBits    stm32f10x_gpio.o
    0x0800078e   0x0800078e   0x00000004   Code   RO          495    i.GPIO_SetBits      stm32f10x_gpio.o
    0x08000792   0x08000792   0x00000050   Code   RO          204    i.GUI_Text          lcd.o
    0x080007e2   0x080007e2   0x00000002   PAD
    0x080007e4   0x080007e4   0x00000020   Code   RO          184    i.GetASCIICode      asciilib.o
    0x08000804   0x08000804   0x00000004   Code   RO          123    i.HardFault_Handler  stm32f10x_it.o
    0x08000808   0x08000808   0x00000094   Code   RO          206    i.LCD_Clear         lcd.o
    0x0800089c   0x0800089c   0x0000006c   Code   RO          207    i.LCD_Configuration  lcd.o
    0x08000908   0x08000908   0x0000000e   Code   RO          208    i.LCD_Delay         lcd.o
    0x08000916   0x08000916   0x000000fa   Code   RO          209    i.LCD_DrawLine      lcd.o
    0x08000a10   0x08000a10   0x000016f4   Code   RO          211    i.LCD_Initializtion  lcd.o
    0x08002104   0x08002104   0x0000004c   Code   RO          290    i.LCD_ReadData      lcd.o
    0x08002150   0x08002150   0x0000002c   Code   RO          302    i.LCD_ReadReg       lcd.o
    0x0800217c   0x0800217c   0x00000040   Code   RO          212    i.LCD_SetCursor     lcd.o
    0x080021bc   0x080021bc   0x00000028   Code   RO          213    i.LCD_SetPoint      lcd.o
    0x080021e4   0x080021e4   0x00000034   Code   RO          284    i.LCD_WriteData     lcd.o
    0x08002218   0x08002218   0x00000038   Code   RO          278    i.LCD_WriteIndex    lcd.o
    0x08002250   0x08002250   0x0000002c   Code   RO          296    i.LCD_WriteReg      lcd.o
    0x0800227c   0x0800227c   0x00000004   Code   RO          124    i.MemManage_Handler  stm32f10x_it.o
    0x08002280   0x08002280   0x00000002   Code   RO          125    i.NMI_Handler       stm32f10x_it.o
    0x08002282   0x08002282   0x00000002   Code   RO          126    i.PendSV_Handler    stm32f10x_it.o
    0x08002284   0x08002284   0x00000064   Code   RO          214    i.PutChar           lcd.o
    0x080022e8   0x080022e8   0x00000020   Code   RO          598    i.RCC_APB1PeriphClockCmd  stm32f10x_rcc.o
    0x08002308   0x08002308   0x00000020   Code   RO          600    i.RCC_APB2PeriphClockCmd  stm32f10x_rcc.o
    0x08002328   0x08002328   0x00000190   Code   RO          608    i.RCC_GetClocksFreq  stm32f10x_rcc.o
    0x080024b8   0x080024b8   0x00000078   Code   RO          391    i.RD_AD             touchpanel.o
    0x08002530   0x08002530   0x00000200   Code   RO          392    i.Read_Ads7846      touchpanel.o
    0x08002730   0x08002730   0x00000034   Code   RO          393    i.Read_X            touchpanel.o
    0x08002764   0x08002764   0x00000034   Code   RO          394    i.Read_Y            touchpanel.o
    0x08002798   0x08002798   0x00000018   Code   RO         1010    i.SPI_Cmd           stm32f10x_spi.o
    0x080027b0   0x080027b0   0x00000012   Code   RO         1018    i.SPI_I2S_GetFlagStatus  stm32f10x_spi.o
    0x080027c2   0x080027c2   0x00000006   Code   RO         1021    i.SPI_I2S_ReceiveData  stm32f10x_spi.o
    0x080027c8   0x080027c8   0x00000004   Code   RO         1022    i.SPI_I2S_SendData  stm32f10x_spi.o
    0x080027cc   0x080027cc   0x0000003c   Code   RO         1023    i.SPI_Init          stm32f10x_spi.o
    0x08002808   0x08002808   0x00000002   Code   RO          127    i.SVC_Handler       stm32f10x_it.o
    0x0800280a   0x0800280a   0x00000008   Code   RO         1160    i.SetSysClock       system_stm32f10x.o
    0x08002812   0x08002812   0x00000002   PAD
    0x08002814   0x08002814   0x00000118   Code   RO         1161    i.SetSysClockTo72   system_stm32f10x.o
    0x0800292c   0x0800292c   0x00000028   Code   RO          973    i.SysTick_CLKSourceConfig  misc.o
    0x08002954   0x08002954   0x00000002   Code   RO          128    i.SysTick_Handler   stm32f10x_it.o
    0x08002956   0x08002956   0x00000026   Code   RO          320    i.SysTick_ITConfig  stm32f10x_systick.o
    0x0800297c   0x0800297c   0x0000006c   Code   RO         1163    i.SystemInit        system_stm32f10x.o
    0x080029e8   0x080029e8   0x00000038   Code   RO          395    i.TP_DrawPoint      touchpanel.o
    0x08002a20   0x08002a20   0x00000022   Code   RO          396    i.TP_GetAdXY        touchpanel.o
    0x08002a42   0x08002a42   0x00000002   PAD
    0x08002a44   0x08002a44   0x0000007c   Code   RO          397    i.TP_Init           touchpanel.o
    0x08002ac0   0x08002ac0   0x0000009c   Code   RO          398    i.TouchPanel_Calibrate  touchpanel.o
    0x08002b5c   0x08002b5c   0x00000004   Code   RO          129    i.UsageFault_Handler  stm32f10x_it.o
    0x08002b60   0x08002b60   0x00000034   Code   RO          399    i.WR_CMD            touchpanel.o
    0x08002b94   0x08002b94   0x00000044   Code   RO          357    i.delay_init        systick.o
    0x08002bd8   0x08002bd8   0x0000001e   Code   RO          215    i.delay_ms          lcd.o
    0x08002bf6   0x08002bf6   0x000000ee   Code   RO          400    i.getDisplayPoint   touchpanel.o
    0x08002ce4   0x08002ce4   0x00000038   Code   RO            2    i.main              main.o
    0x08002d1c   0x08002d1c   0x00000164   Code   RO          401    i.setCalibrationMatrix  touchpanel.o
    0x08002e80   0x08002e80   0x00000150   Code   RO         1211    x$fpl$dadd          fz_ws.l(daddsub_clz.o)
    0x08002fd0   0x08002fd0   0x00000018   Code   RO         1238    x$fpl$dcmpinf       fz_ws.l(dcmpi.o)
    0x08002fe8   0x08002fe8   0x000002b0   Code   RO         1218    x$fpl$ddiv          fz_ws.l(ddiv.o)
    0x08003298   0x08003298   0x00000078   Code   RO         1221    x$fpl$deqf          fz_ws.l(deqf.o)
    0x08003310   0x08003310   0x0000005a   Code   RO         1223    x$fpl$dfixu         fz_ws.l(dfixu.o)
    0x0800336a   0x0800336a   0x0000002e   Code   RO         1228    x$fpl$dflt          fz_ws.l(dflt_clz.o)
    0x08003398   0x08003398   0x00000026   Code   RO         1227    x$fpl$dfltu         fz_ws.l(dflt_clz.o)
    0x080033be   0x080033be   0x00000002   PAD
    0x080033c0   0x080033c0   0x00000154   Code   RO         1233    x$fpl$dmul          fz_ws.l(dmul.o)
    0x08003514   0x08003514   0x0000009c   Code   RO         1240    x$fpl$dnaninf       fz_ws.l(dnaninf.o)
    0x080035b0   0x080035b0   0x0000000c   Code   RO         1242    x$fpl$dretinf       fz_ws.l(dretinf.o)
    0x080035bc   0x080035bc   0x000001d4   Code   RO         1213    x$fpl$dsub          fz_ws.l(daddsub_clz.o)
    0x08003790   0x08003790   0x00000000   Code   RO         1244    x$fpl$usenofp       fz_ws.l(usenofp.o)
    0x08003790   0x08003790   0x000005f0   Data   RO          185    .constdata          asciilib.o
    0x08003d80   0x08003d80   0x00000020   Data   RO         1397    Region$$Table       anon$$obj.o


    Execution Region RW_IRAM1 (Exec base: 0x20000000, Load base: 0x08003da0, Size: 0x000006d8, Max: 0x00010000, ABSOLUTE)

    Exec Addr    Load Addr    Size         Type   Attr      Idx    E Section Name        Object

    0x20000000   0x08003da0   0x00000001   Data   RW          216    .data               lcd.o
    0x20000001   0x08003da1   0x00000001   PAD
    0x20000002   0x08003da2   0x00000005   Data   RW          359    .data               systick.o
    0x20000007   0x08003da7   0x00000001   PAD
    0x20000008   0x08003da8   0x00000014   Data   RW          403    .data               touchpanel.o
    0x2000001c   0x08003dbc   0x00000014   Data   RW          636    .data               stm32f10x_rcc.o
    0x20000030        -       0x00000044   Zero   RW          402    .bss                touchpanel.o
    0x20000074        -       0x00000060   Zero   RW         1271    .bss                c_w.l(libspace.o)
    0x200000d4   0x08003dd0   0x00000004   PAD
    0x200000d8        -       0x00000200   Zero   RW         1195    HEAP                startup_stm32f10x_cl.o
    0x200002d8        -       0x00000400   Zero   RW         1194    STACK               startup_stm32f10x_cl.o


==============================================================================

Image component sizes


      Code (inc. data)   RO Data    RW Data    ZI Data      Debug   Object Name

        32          6       1520          0          0       1171   asciilib.o
         0          0          0          0          0         32   core_cm3.o
      6982         94          0          1          0      13059   lcd.o
        56         10          0          0          0     253211   main.o
        40          0          0          0          0        522   misc.o
        64         26        336          0       1536        848   startup_stm32f10x_cl.o
       448          6          0          0          0       4486   stm32f10x_gpio.o
        26          0          0          0          0       4082   stm32f10x_it.o
       464         38          0         20          0       5230   stm32f10x_rcc.o
       112          0          0          0          0       3818   stm32f10x_spi.o
        38          0          0          0          0        535   stm32f10x_systick.o
       396         32          0          0          0       2005   system_stm32f10x.o
        68         14          0          5          0        825   systick.o
      2240         92          0         20         68      10655   touchpanel.o

    ----------------------------------------------------------------------
     10972        318       1888         48       1604     300479   Object Totals
         0          0         32          0          0          0   (incl. Generated)
         6          0          0          2          0          0   (incl. Padding)

    ----------------------------------------------------------------------

      Code (inc. data)   RO Data    RW Data    ZI Data      Debug   Library Member Name

         8          0          0          0          0         68   __main.o
         0          0          0          0          0          0   __rtentry.o
        12          0          0          0          0          0   __rtentry2.o
         6          0          0          0          0          0   __rtentry4.o
        52          8          0          0          0          0   __scatter.o
        26          0          0          0          0          0   __scatter_copy.o
        28          0          0          0          0          0   __scatter_zi.o
        18          0          0          0          0         80   exit.o
         6          0          0          0          0        152   heapauxi.o
         0          0          0          0          0          0   indicate_semi.o
         2          0          0          0          0          0   libinit.o
         2          0          0          0          0          0   libinit2.o
         2          0          0          0          0          0   libshutdown.o
         2          0          0          0          0          0   libshutdown2.o
         8          4          0          0         96         68   libspace.o
        78          0          0          0          0         80   rt_memclr_w.o
       138          0          0          0          0         68   rt_memcpy_v6.o
       100          0          0          0          0         80   rt_memcpy_w.o
         2          0          0          0          0          0   rtexit.o
        10          0          0          0          0          0   rtexit2.o
        12          4          0          0          0         68   sys_exit.o
        74          0          0          0          0         80   sys_stackheap_outer.o
         2          0          0          0          0         68   use_no_semi.o
       804         16          0          0          0        272   daddsub_clz.o
        24          0          0          0          0         68   dcmpi.o
       688        140          0          0          0        208   ddiv.o
       120          4          0          0          0         92   deqf.o
        90          4          0          0          0         92   dfixu.o
        84          0          0          0          0        136   dflt_clz.o
       340         12          0          0          0        104   dmul.o
       156          4          0          0          0         92   dnaninf.o
        12          0          0          0          0         68   dretinf.o
         0          0          0          0          0          0   usenofp.o

    ----------------------------------------------------------------------
      2916        196          0          0        100       1944   Library Totals
        10          0          0          0          4          0   (incl. Padding)

    ----------------------------------------------------------------------

      Code (inc. data)   RO Data    RW Data    ZI Data      Debug   Library Name

       588         16          0          0         96        812   c_w.l
      2318        180          0          0          0       1132   fz_ws.l

    ----------------------------------------------------------------------
      2916        196          0          0        100       1944   Library Totals

    ----------------------------------------------------------------------

==============================================================================


      Code (inc. data)   RO Data    RW Data    ZI Data      Debug   

     13888        514       1888         48       1704     298675   Grand Totals
     13888        514       1888         48       1704     298675   ELF Image Totals
     13888        514       1888         48          0          0   ROM Totals

==============================================================================

    Total RO  Size (Code + RO Data)                15776 (  15.41kB)
    Total RW  Size (RW Data + ZI Data)              1752 (   1.71kB)
    Total ROM Size (Code + RO Data + RW Data)      15824 (  15.45kB)

==============================================================================

